../Core/Src/stm32l0xx_hal_msp.c:65:6:HAL_MspInit	8	static
../Core/Src/stm32l0xx_hal_msp.c:88:6:HAL_CRC_MspInit	24	static
../Core/Src/stm32l0xx_hal_msp.c:111:6:HAL_CRC_MspDeInit	16	static
../Core/Src/stm32l0xx_hal_msp.c:133:6:HAL_I2C_MspInit	48	static
../Core/Src/stm32l0xx_hal_msp.c:170:6:HAL_I2C_MspDeInit	16	static
../Core/Src/stm32l0xx_hal_msp.c:201:6:HAL_RNG_MspInit	24	static
../Core/Src/stm32l0xx_hal_msp.c:224:6:HAL_RNG_MspDeInit	16	static
../Core/Src/stm32l0xx_hal_msp.c:246:6:HAL_TIM_PWM_MspInit	16	static
../Core/Src/stm32l0xx_hal_msp.c:263:6:HAL_TIM_MspPostInit	48	static
../Core/Src/stm32l0xx_hal_msp.c:295:6:HAL_TIM_PWM_MspDeInit	16	static
../Core/Src/stm32l0xx_hal_msp.c:317:6:HAL_UART_MspInit	48	static
../Core/Src/stm32l0xx_hal_msp.c:354:6:HAL_UART_MspDeInit	16	static
