Archive member included to satisfy reference by file (symbol)

C:/ST/STM32CubeIDE_2.0.0/STM32CubeIDE/plugins/com.st.stm32cube.ide.mcu.externaltools.gnu-tools-for-stm32.13.3.rel1.win32_1.0.100.202509120712/tools/bin/../lib/gcc/arm-none-eabi/13.3.1/../../../../arm-none-eabi/lib/thumb/v6-m/nofp\libc_nano.a(libc_a-exit.o)
                              C:/ST/STM32CubeIDE_2.0.0/STM32CubeIDE/plugins/com.st.stm32cube.ide.mcu.externaltools.gnu-tools-for-stm32.13.3.rel1.win32_1.0.100.202509120712/tools/bin/../lib/gcc/arm-none-eabi/13.3.1/../../../../arm-none-eabi/lib/thumb/v6-m/nofp/crt0.o (exit)
C:/ST/STM32CubeIDE_2.0.0/STM32CubeIDE/plugins/com.st.stm32cube.ide.mcu.externaltools.gnu-tools-for-stm32.13.3.rel1.win32_1.0.100.202509120712/tools/bin/../lib/gcc/arm-none-eabi/13.3.1/../../../../arm-none-eabi/lib/thumb/v6-m/nofp\libc_nano.a(libc_a-findfp.o)
                              C:/ST/STM32CubeIDE_2.0.0/STM32CubeIDE/plugins/com.st.stm32cube.ide.mcu.externaltools.gnu-tools-for-stm32.13.3.rel1.win32_1.0.100.202509120712/tools/bin/../lib/gcc/arm-none-eabi/13.3.1/../../../../arm-none-eabi/lib/thumb/v6-m/nofp\libc_nano.a(libc_a-exit.o) (__stdio_exit_handler)
C:/ST/STM32CubeIDE_2.0.0/STM32CubeIDE/plugins/com.st.stm32cube.ide.mcu.externaltools.gnu-tools-for-stm32.13.3.rel1.win32_1.0.100.202509120712/tools/bin/../lib/gcc/arm-none-eabi/13.3.1/../../../../arm-none-eabi/lib/thumb/v6-m/nofp\libc_nano.a(libc_a-fwalk.o)
                              C:/ST/STM32CubeIDE_2.0.0/STM32CubeIDE/plugins/com.st.stm32cube.ide.mcu.externaltools.gnu-tools-for-stm32.13.3.rel1.win32_1.0.100.202509120712/tools/bin/../lib/gcc/arm-none-eabi/13.3.1/../../../../arm-none-eabi/lib/thumb/v6-m/nofp\libc_nano.a(libc_a-findfp.o) (_fwalk_sglue)
C:/ST/STM32CubeIDE_2.0.0/STM32CubeIDE/plugins/com.st.stm32cube.ide.mcu.externaltools.gnu-tools-for-stm32.13.3.rel1.win32_1.0.100.202509120712/tools/bin/../lib/gcc/arm-none-eabi/13.3.1/../../../../arm-none-eabi/lib/thumb/v6-m/nofp\libc_nano.a(libc_a-stdio.o)
                              C:/ST/STM32CubeIDE_2.0.0/STM32CubeIDE/plugins/com.st.stm32cube.ide.mcu.externaltools.gnu-tools-for-stm32.13.3.rel1.win32_1.0.100.202509120712/tools/bin/../lib/gcc/arm-none-eabi/13.3.1/../../../../arm-none-eabi/lib/thumb/v6-m/nofp\libc_nano.a(libc_a-findfp.o) (__sread)
C:/ST/STM32CubeIDE_2.0.0/STM32CubeIDE/plugins/com.st.stm32cube.ide.mcu.externaltools.gnu-tools-for-stm32.13.3.rel1.win32_1.0.100.202509120712/tools/bin/../lib/gcc/arm-none-eabi/13.3.1/../../../../arm-none-eabi/lib/thumb/v6-m/nofp\libc_nano.a(libc_a-memset.o)
                              C:/ST/STM32CubeIDE_2.0.0/STM32CubeIDE/plugins/com.st.stm32cube.ide.mcu.externaltools.gnu-tools-for-stm32.13.3.rel1.win32_1.0.100.202509120712/tools/bin/../lib/gcc/arm-none-eabi/13.3.1/../../../../arm-none-eabi/lib/thumb/v6-m/nofp/crt0.o (memset)
C:/ST/STM32CubeIDE_2.0.0/STM32CubeIDE/plugins/com.st.stm32cube.ide.mcu.externaltools.gnu-tools-for-stm32.13.3.rel1.win32_1.0.100.202509120712/tools/bin/../lib/gcc/arm-none-eabi/13.3.1/../../../../arm-none-eabi/lib/thumb/v6-m/nofp\libc_nano.a(libc_a-closer.o)
                              C:/ST/STM32CubeIDE_2.0.0/STM32CubeIDE/plugins/com.st.stm32cube.ide.mcu.externaltools.gnu-tools-for-stm32.13.3.rel1.win32_1.0.100.202509120712/tools/bin/../lib/gcc/arm-none-eabi/13.3.1/../../../../arm-none-eabi/lib/thumb/v6-m/nofp\libc_nano.a(libc_a-stdio.o) (_close_r)
C:/ST/STM32CubeIDE_2.0.0/STM32CubeIDE/plugins/com.st.stm32cube.ide.mcu.externaltools.gnu-tools-for-stm32.13.3.rel1.win32_1.0.100.202509120712/tools/bin/../lib/gcc/arm-none-eabi/13.3.1/../../../../arm-none-eabi/lib/thumb/v6-m/nofp\libc_nano.a(libc_a-reent.o)
                              C:/ST/STM32CubeIDE_2.0.0/STM32CubeIDE/plugins/com.st.stm32cube.ide.mcu.externaltools.gnu-tools-for-stm32.13.3.rel1.win32_1.0.100.202509120712/tools/bin/../lib/gcc/arm-none-eabi/13.3.1/../../../../arm-none-eabi/lib/thumb/v6-m/nofp\libc_nano.a(libc_a-closer.o) (errno)
C:/ST/STM32CubeIDE_2.0.0/STM32CubeIDE/plugins/com.st.stm32cube.ide.mcu.externaltools.gnu-tools-for-stm32.13.3.rel1.win32_1.0.100.202509120712/tools/bin/../lib/gcc/arm-none-eabi/13.3.1/../../../../arm-none-eabi/lib/thumb/v6-m/nofp\libc_nano.a(libc_a-impure.o)
                              C:/ST/STM32CubeIDE_2.0.0/STM32CubeIDE/plugins/com.st.stm32cube.ide.mcu.externaltools.gnu-tools-for-stm32.13.3.rel1.win32_1.0.100.202509120712/tools/bin/../lib/gcc/arm-none-eabi/13.3.1/../../../../arm-none-eabi/lib/thumb/v6-m/nofp\libc_nano.a(libc_a-reent.o) (_impure_ptr)
C:/ST/STM32CubeIDE_2.0.0/STM32CubeIDE/plugins/com.st.stm32cube.ide.mcu.externaltools.gnu-tools-for-stm32.13.3.rel1.win32_1.0.100.202509120712/tools/bin/../lib/gcc/arm-none-eabi/13.3.1/../../../../arm-none-eabi/lib/thumb/v6-m/nofp\libc_nano.a(libc_a-lseekr.o)
[...]
Memory Configuration

Name             Origin             Length             Attributes
RAM              0x20000000         0x00002000         xrw
FLASH            0x08000000         0x00010000         xr
*default*        0x00000000         0xffffffff

Linker script and memory map

LOAD C:/ST/STM32CubeIDE_2.0.0/STM32CubeIDE/plugins/com.st.stm32cube.ide.mcu.externaltools.gnu-tools-for-stm32.13.3.rel1.win32_1.0.100.202509120712/tools/bin/../lib/gcc/arm-none-eabi/13.3.1/thumb/v6-m/nofp/crti.o
LOAD C:/ST/STM32CubeIDE_2.0.0/STM32CubeIDE/plugins/com.st.stm32cube.ide.mcu.externaltools.gnu-tools-for-stm32.13.3.rel1.win32_1.0.100.202509120712/tools/bin/../lib/gcc/arm-none-eabi/13.3.1/thumb/v6-m/nofp/crtbegin.o
LOAD C:/ST/STM32CubeIDE_2.0.0/STM32CubeIDE/plugins/com.st.stm32cube.ide.mcu.externaltools.gnu-tools-for-stm32.13.3.rel1.win32_1.0.100.202509120712/tools/bin/../lib/gcc/arm-none-eabi/13.3.1/../../../../arm-none-eabi/lib/thumb/v6-m/nofp/crt0.o
LOAD ./Core/Src/main.o
LOAD ./Core/Src/stm32l0xx_hal_msp.o
LOAD ./Core/Src/stm32l0xx_it.o
LOAD ./Core/Src/syscalls.o
LOAD ./Core/Src/sysmem.o
LOAD ./Core/Src/system_stm32l0xx.o
LOAD ./Core/Startup/startup_stm32l053r8tx.o
LOAD ./Drivers/STM32L0xx_HAL_Driver/Src/stm32l0xx_hal.o
LOAD ./Drivers/STM32L0xx_HAL_Driver/Src/stm32l0xx_hal_cortex.o
LOAD ./Drivers/STM32L0xx_HAL_Driver/Src/stm32l0xx_hal_crc.o
LOAD ./Drivers/STM32L0xx_HAL_Driver/Src/stm32l0xx_hal_crc_ex.o
LOAD ./Drivers/STM32L0xx_HAL_Driver/Src/stm32l0xx_hal_dma.o
LOAD ./Drivers/STM32L0xx_HAL_Driver/Src/stm32l0xx_hal_exti.o
LOAD ./Drivers/STM32L0xx_HAL_Driver/Src/stm32l0xx_hal_flash.o
LOAD ./Drivers/STM32L0xx_HAL_Driver/Src/stm32l0xx_hal_flash_ex.o
LOAD ./Drivers/STM32L0xx_HAL_Driver/Src/stm32l0xx_hal_flash_ramfunc.o
LOAD ./Drivers/STM32L0xx_HAL_Driver/Src/stm32l0xx_hal_gpio.o
LOAD ./Drivers/STM32L0xx_HAL_Driver/Src/stm32l0xx_hal_i2c.o
LOAD ./Drivers/STM32L0xx_HAL_Driver/Src/stm32l0xx_hal_i2c_ex.o
LOAD ./Drivers/STM32L0xx_HAL_Driver/Src/stm32l0xx_hal_pcd.o
LOAD ./Drivers/STM32L0xx_HAL_Driver/Src/stm32l0xx_hal_pcd_ex.o
LOAD ./Drivers/STM32L0xx_HAL_Driver/Src/stm32l0xx_hal_pwr.o
LOAD ./Drivers/STM32L0xx_HAL_Driver/Src/stm32l0xx_hal_pwr_ex.o
LOAD ./Drivers/STM32L0xx_HAL_Driver/Src/stm32l0xx_hal_rcc.o
LOAD ./Drivers/STM32L0xx_HAL_Driver/Src/stm32l0xx_hal_rcc_ex.o
LOAD ./Drivers/STM32L0xx_HAL_Driver/Src/stm32l0xx_hal_rng.o
LOAD ./Drivers/STM32L0xx_HAL_Driver/Src/stm32l0xx_hal_tim.o
LOAD ./Drivers/STM32L0xx_HAL_Driver/Src/stm32l0xx_hal_tim_ex.o
LOAD ./Drivers/STM32L0xx_HAL_Driver/Src/stm32l0xx_hal_uart.o
LOAD ./Drivers/STM32L0xx_HAL_Driver/Src/stm32l0xx_hal_uart_ex.o
LOAD ./Drivers/STM32L0xx_HAL_Driver/Src/stm32l0xx_ll_usb.o
LOAD ./Middlewares/ST/STM32_USB_Device_Library/Class/CDC/Src/usbd_cdc.o
LOAD ./Middlewares/ST/STM32_USB_Device_Library/Core/Src/usbd_core.o
LOAD ./Middlewares/ST/STM32_USB_Device_Library/Core/Src/usbd_ctlreq.o
LOAD ./Middlewares/ST/STM32_USB_Device_Library/Core/Src/usbd_ioreq.o
LOAD ./USB_DEVICE/App/usb_device.o
LOAD ./USB_DEVICE/App/usbd_cdc_if.o
LOAD ./USB_DEVICE/App/usbd_desc.o
LOAD ./USB_DEVICE/Target/usbd_conf.o
START GROUP
LOAD C:/ST/STM32CubeIDE_2.0.0/STM32CubeIDE/plugins/com.st.stm32cube.ide.mcu.externaltools.gnu-tools-for-stm32.13.3.rel1.win32_1.0.100.202509120712/tools/bin/../lib/gcc/arm-none-eabi/13.3.1/../../../../arm-none-eabi/lib/thumb/v6-m/nofp\libstdc++_nano.a
LOAD C:/ST/STM32CubeIDE_2.0.0/STM32CubeIDE/plugins/com.st.stm32cube.ide.mcu.externaltools.gnu-tools-for-stm32.13.3.rel1.win32_1.0.100.202509120712/tools/bin/../lib/gcc/arm-none-eabi/13.3.1/../../../../arm-none-eabi/lib/thumb/v6-m/nofp\libsupc++_nano.a
END GROUP
LOAD C:/ST/STM32CubeIDE_2.0.0/STM32CubeIDE/plugins/com.st.stm32cube.ide.mcu.externaltools.gnu-tools-for-stm32.13.3.rel1.win32_1.0.100.202509120712/tools/bin/../lib/gcc/arm-none-eabi/13.3.1/../../../../arm-none-eabi/lib/thumb/v6-m/nofp\libstdc++_nano.a
LOAD C:/ST/STM32CubeIDE_2.0.0/STM32CubeIDE/plugins/com.st.stm32cube.ide.mcu.externaltools.gnu-tools-for-stm32.13.3.rel1.win32_1.0.100.202509120712/tools/bin/../lib/gcc/arm-none-eabi/13.3.1/../../../../arm-none-eabi/lib/thumb/v6-m/nofp\libm.a
LOAD C:/ST/STM32CubeIDE_2.0.0/STM32CubeIDE/plugins/com.st.stm32cube.ide.mcu.externaltools.gnu-tools-for-stm32.13.3.rel1.win32_1.0.100.202509120712/tools/bin/../lib/gcc/arm-none-eabi/13.3.1/../../../../arm-none-eabi/lib/thumb/v6-m/nofp\libc_nano.a
START GROUP
LOAD C:/ST/STM32CubeIDE_2.0.0/STM32CubeIDE/plugins/com.st.stm32cube.ide.mcu.externaltools.gnu-tools-for-stm32.13.3.rel1.win32_1.0.100.202509120712/tools/bin/../lib/gcc/arm-none-eabi/13.3.1/thumb/v6-m/nofp\libgcc.a
LOAD C:/ST/STM32CubeIDE_2.0.0/STM32CubeIDE/plugins/com.st.stm32cube.ide.mcu.externaltools.gnu-tools-for-stm32.13.3.rel1.win32_1.0.100.202509120712/tools/bin/../lib/gcc/arm-none-eabi/13.3.1/../../../../arm-none-eabi/lib/thumb/v6-m/nofp\libc_nano.a
END GROUP
START GROUP
LOAD C:/ST/STM32CubeIDE_2.0.0/STM32CubeIDE/plugins/com.st.stm32cube.ide.mcu.externaltools.gnu-tools-for-stm32.13.3.rel1.win32_1.0.100.202509120712/tools/bin/../lib/gcc/arm-none-eabi/13.3.1/thumb/v6-m/nofp\libgcc.a
LOAD C:/ST/STM32CubeIDE_2.0.0/STM32CubeIDE/plugins/com.st.stm32cube.ide.mcu.externaltools.gnu-tools-for-stm32.13.3.rel1.win32_1.0.100.202509120712/tools/bin/../lib/gcc/arm-none-eabi/13.3.1/../../../../arm-none-eabi/lib/thumb/v6-m/nofp\libc_nano.a
END GROUP
LOAD C:/ST/STM32CubeIDE_2.0.0/STM32CubeIDE/plugins/com.st.stm32cube.ide.mcu.externaltools.gnu-tools-for-stm32.13.3.rel1.win32_1.0.100.202509120712/tools/bin/../lib/gcc/arm-none-eabi/13.3.1/thumb/v6-m/nofp/crtend.o
LOAD C:/ST/STM32CubeIDE_2.0.0/STM32CubeIDE/plugins/com.st.stm32cube.ide.mcu.externaltools.gnu-tools-for-stm32.13.3.rel1.win32_1.0.100.202509120712/tools/bin/../lib/gcc/arm-none-eabi/13.3.1/thumb/v6-m/nofp/crtn.o
                0x20002000                        _estack = (ORIGIN (RAM) + LENGTH (RAM))
                0x00000200                        _Min_Heap_Size = 0x200
                0x00000400                        _Min_Stack_Size = 0x400

.isr_vector     0x08000000       0xc0
                0x08000000                        . = ALIGN (0x4)
 *(.isr_vector)
 .isr_vector    0x08000000       0xc0 ./Core/Startup/startup_stm32l053r8tx.o
                0x08000000                g_pfnVectors
                0x080000c0                        . = ALIGN (0x4)

.text           0x080000c0     0x91f0
                0x080000c0                        . = ALIGN (0x4)
 *(.text)
 .text          0x080000c0       0x48 C:/ST/STM32CubeIDE_2.0.0/STM32CubeIDE/plugins/com.st.stm32cube.ide.mcu.externaltools.gnu-tools-for-stm32.13.3.rel1.win32_1.0.100.202509120712/tools/bin/../lib/gcc/arm-none-eabi/13.3.1/thumb/v6-m/nofp/crtbegin.o
 .text          0x08000108      0x114 C:/ST/STM32CubeIDE_2.0.0/STM32CubeIDE/plugins/com.st.stm32cube.ide.mcu.externaltools.gnu-tools-for-stm32.13.3.rel1.win32_1.0.100.202509120712/tools/bin/../lib/gcc/arm-none-eabi/13.3.1/thumb/v6-m/nofp\libgcc.a(_udivsi3.o)
                0x08000108                __aeabi_uidiv
                0x08000108                __udivsi3
                0x08000214                __aeabi_uidivmod
 .text          0x0800021c        0x4 C:/ST/STM32CubeIDE_2.0.0/STM32CubeIDE/plugins/com.st.stm32cube.ide.mcu.externaltools.gnu-tools-for-stm32.13.3.rel1.win32_1.0.100.202509120712/tools/bin/../lib/gcc/arm-none-eabi/13.3.1/thumb/v6-m/nofp\libgcc.a(_dvmd_tls.o)
                0x0800021c                __aeabi_idiv0
                0x0800021c                __aeabi_ldiv0
 .text          0x08000220       0x40 C:/ST/STM32CubeIDE_2.0.0/STM32CubeIDE/plugins/com.st.stm32cube.ide.mcu.externaltools.gnu-tools-for-stm32.13.3.rel1.win32_1.0.100.202509120712/tools/bin/../lib/gcc/arm-none-eabi/13.3.1/thumb/v6-m/nofp\libgcc.a(_aeabi_uldivmod.o)
                0x08000220                __aeabi_uldivmod
 .text          0x08000260      0x198 C:/ST/STM32CubeIDE_2.0.0/STM32CubeIDE/plugins/com.st.stm32cube.ide.mcu.externaltools.gnu-tools-for-stm32.13.3.rel1.win32_1.0.100.202509120712/tools/bin/../lib/gcc/arm-none-eabi/13.3.1/thumb/v6-m/nofp\libgcc.a(_udivmoddi4.o)
                0x08000260                __udivmoddi4
 .text          0x080003f8       0x18 C:/ST/STM32CubeIDE_2.0.0/STM32CubeIDE/plugins/com.st.stm32cube.ide.mcu.externaltools.gnu-tools-for-stm32.13.3.rel1.win32_1.0.100.202509120712/tools/bin/../lib/gcc/arm-none-eabi/13.3.1/thumb/v6-m/nofp\libgcc.a(_clzdi2.o)
                0x080003f8                __clzdi2
 .text          0x08000410       0x3c C:/ST/STM32CubeIDE_2.0.0/STM32CubeIDE/plugins/com.st.stm32cube.ide.mcu.externaltools.gnu-tools-for-stm32.13.3.rel1.win32_1.0.100.202509120712/tools/bin/../lib/gcc/arm-none-eabi/13.3.1/thumb/v6-m/nofp\libgcc.a(_clzsi2.o)
                0x08000410                __clzsi2
 *(.text*)
 .text.main     0x0800044c       0x2c ./Core/Src/main.o
                0x0800044c                main
 .text.SystemClock_Config
                0x08000478       0xe4 ./Core/Src/main.o
                0x08000478                SystemClock_Config
 .text.MX_CRC_Init
                0x0800055c       0x48 ./Core/Src/main.o
 .text.MX_I2C1_Init
                0x080005a4       0x80 ./Core/Src/main.o
 .text.MX_RNG_Init
                0x08000624       0x28 ./Core/Src/main.o
 .text.MX_TIM22_Init
                0x0800064c       0xc4 ./Core/Src/main.o
 .text.MX_USART1_UART_Init
                0x08000710       0x60 ./Core/Src/main.o
 .text.MX_GPIO_Init
                0x08000770      0x130 ./Core/Src/main.o
 .text.Error_Handler
                0x080008a0        0xc ./Core/Src/main.o
                0x080008a0                Error_Handler
 .text.HAL_MspInit
                0x080008ac       0x28 ./Core/Src/stm32l0xx_hal_msp.o
                0x080008ac                HAL_MspInit
 .text.HAL_CRC_MspInit
                0x080008d4       0x40 ./Core/Src/stm32l0xx_hal_msp.o
                0x080008d4                HAL_CRC_MspInit
 .text.HAL_I2C_MspInit
                0x08000914       0x88 ./Core/Src/stm32l0xx_hal_msp.o
                0x08000914                HAL_I2C_MspInit
 .text.HAL_RNG_MspInit
                0x0800099c       0x40 ./Core/Src/stm32l0xx_hal_msp.o
                0x0800099c                HAL_RNG_MspInit
 .text.HAL_TIM_PWM_MspInit
                0x080009dc       0x30 ./Core/Src/stm32l0xx_hal_msp.o
                0x080009dc                HAL_TIM_PWM_MspInit
 .text.HAL_TIM_MspPostInit
                0x08000a0c       0x78 ./Core/Src/stm32l0xx_hal_msp.o
                0x08000a0c                HAL_TIM_MspPostInit
 .text.HAL_UART_MspInit
                0x08000a84       0x88 ./Core/Src/stm32l0xx_hal_msp.o
                0x08000a84                HAL_UART_MspInit
 .text.NMI_Handler
                0x08000b0c        0x8 ./Core/Src/stm32l0xx_it.o
                0x08000b0c                NMI_Handler
 .text.HardFault_Handler
                0x08000b14        0x8 ./Core/Src/stm32l0xx_it.o
                0x08000b14                HardFault_Handler
 .text.SVC_Handler
                0x08000b1c        0xa ./Core/Src/stm32l0xx_it.o
                0x08000b1c                SVC_Handler
 .text.PendSV_Handler
                0x08000b26        0xa ./Core/Src/stm32l0xx_it.o
                0x08000b26                PendSV_Handler
 .text.SysTick_Handler
                0x08000b30        0xe ./Core/Src/stm32l0xx_it.o
                0x08000b30                SysTick_Handler
 *fill*         0x08000b3e        0x2 
 .text.USB_IRQHandler
                0x08000b40       0x18 ./Core/Src/stm32l0xx_it.o
                0x08000b40                USB_IRQHandler
 .text.SystemInit
                0x08000b58        0xa ./Core/Src/system_stm32l0xx.o
                0x08000b58                SystemInit
 *fill*         0x08000b62        0x2 
 .text.Reset_Handler
                0x08000b64       0x50 ./Core/Startup/startup_stm32l053r8tx.o
                0x08000b64                Reset_Handler
 .text.Default_Handler
                0x08000bb4        0x2 ./Core/Startup/startup_stm32l053r8tx.o
                0x08000bb4                TSC_IRQHandler
                0x08000bb4                ADC1_COMP_IRQHandler
                0x08000bb4                PVD_IRQHandler
                0x08000bb4                I2C1_IRQHandler
                0x08000bb4                RCC_CRS_IRQHandler
                0x08000bb4                SPI1_IRQHandler
                0x08000bb4                TIM6_DAC_IRQHandler
                0x08000bb4                EXTI2_3_IRQHandler
                0x08000bb4                I2C2_IRQHandler
                0x08000bb4                RTC_IRQHandler
                0x08000bb4                LCD_IRQHandler
                0x08000bb4                DMA1_Channel4_5_6_7_IRQHandler
                0x08000bb4                EXTI4_15_IRQHandler
                0x08000bb4                DMA1_Channel1_IRQHandler
                0x08000bb4                Default_Handler
                0x08000bb4                TIM22_IRQHandler
                0x08000bb4                EXTI0_1_IRQHandler
                0x08000bb4                SPI2_IRQHandler
                0x08000bb4                TIM21_IRQHandler
                0x08000bb4                WWDG_IRQHandler
                0x08000bb4                TIM2_IRQHandler
                0x08000bb4                DMA1_Channel2_3_IRQHandler
                0x08000bb4                USART2_IRQHandler
                0x08000bb4                FLASH_IRQHandler
                0x08000bb4                USART1_IRQHandler
                0x08000bb4                RNG_LPUART1_IRQHandler
                0x08000bb4                LPTIM1_IRQHandler
 *fill*         0x08000bb6        0x2 
 .text.HAL_Init
                0x08000bb8       0x40 ./Drivers/STM32L0xx_HAL_Driver/Src/stm32l0xx_hal.o
                0x08000bb8                HAL_Init
 .text.HAL_InitTick
                0x08000bf8       0x68 ./Drivers/STM32L0xx_HAL_Driver/Src/stm32l0xx_hal.o
                0x08000bf8                HAL_InitTick
 .text.HAL_IncTick
                0x08000c60       0x24 ./Drivers/STM32L0xx_HAL_Driver/Src/stm32l0xx_hal.o
                0x08000c60                HAL_IncTick
 .text.HAL_GetTick
                0x08000c84       0x14 ./Drivers/STM32L0xx_HAL_Driver/Src/stm32l0xx_hal.o
                0x08000c84                HAL_GetTick
 .text.__NVIC_EnableIRQ
                0x08000c98       0x34 ./Drivers/STM32L0xx_HAL_Driver/Src/stm32l0xx_hal_cortex.o
 .text.__NVIC_SetPriority
                0x08000ccc       0xdc ./Drivers/STM32L0xx_HAL_Driver/Src/stm32l0xx_hal_cortex.o
 .text.SysTick_Config
                0x08000da8       0x48 ./Drivers/STM32L0xx_HAL_Driver/Src/stm32l0xx_hal_cortex.o
 .text.HAL_NVIC_SetPriority
                0x08000df0       0x2a ./Drivers/STM32L0xx_HAL_Driver/Src/stm32l0xx_hal_cortex.o
                0x08000df0                HAL_NVIC_SetPriority
 .text.HAL_NVIC_EnableIRQ
                0x08000e1a       0x20 ./Drivers/STM32L0xx_HAL_Driver/Src/stm32l0xx_hal_cortex.o
                0x08000e1a                HAL_NVIC_EnableIRQ
 .text.HAL_SYSTICK_Config
                0x08000e3a       0x1a ./Drivers/STM32L0xx_HAL_Driver/Src/stm32l0xx_hal_cortex.o
                0x08000e3a                HAL_SYSTICK_Config
 .text.HAL_CRC_Init
                0x08000e54       0xcc ./Drivers/STM32L0xx_HAL_Driver/Src/stm32l0xx_hal_crc.o
                0x08000e54                HAL_CRC_Init
 .text.HAL_CRCEx_Polynomial_Set
                0x08000f20       0xea ./Drivers/STM32L0xx_HAL_Driver/Src/stm32l0xx_hal_crc_ex.o
                0x08000f20                HAL_CRCEx_Polynomial_Set
 *fill*         0x0800100a        0x2 
 .text.HAL_GPIO_Init
                0x0800100c      0x2ec ./Drivers/STM32L0xx_HAL_Driver/Src/stm32l0xx_hal_gpio.o
                0x0800100c                HAL_GPIO_Init
 .text.HAL_GPIO_WritePin
                0x080012f8       0x3a ./Drivers/STM32L0xx_HAL_Driver/Src/stm32l0xx_hal_gpio.o
                0x080012f8                HAL_GPIO_WritePin
 *fill*         0x08001332        0x2 
 .text.HAL_I2C_Init
                0x08001334      0x14c ./Drivers/STM32L0xx_HAL_Driver/Src/stm32l0xx_hal_i2c.o
                0x08001334                HAL_I2C_Init
 .text.HAL_I2CEx_ConfigAnalogFilter
                0x08001480       0x98 ./Drivers/STM32L0xx_HAL_Driver/Src/stm32l0xx_hal_i2c_ex.o
                0x08001480                HAL_I2CEx_ConfigAnalogFilter
 .text.HAL_I2CEx_ConfigDigitalFilter
                0x08001518       0x98 ./Drivers/STM32L0xx_HAL_Driver/Src/stm32l0xx_hal_i2c_ex.o
                0x08001518                HAL_I2CEx_ConfigDigitalFilter
 .text.HAL_PCD_Init
                0x080015b0      0x1e8 ./Drivers/STM32L0xx_HAL_Driver/Src/stm32l0xx_hal_pcd.o
                0x080015b0                HAL_PCD_Init
 .text.HAL_PCD_Start
                0x08001798       0x4a ./Drivers/STM32L0xx_HAL_Driver/Src/stm32l0xx_hal_pcd.o
                0x08001798                HAL_PCD_Start
 *fill*         0x080017e2        0x2 
 .text.HAL_PCD_IRQHandler
                0x080017e4      0x288 ./Drivers/STM32L0xx_HAL_Driver/Src/stm32l0xx_hal_pcd.o
                0x080017e4                HAL_PCD_IRQHandler
 .text.HAL_PCD_SetAddress
                0x08001a6c       0x54 ./Drivers/STM32L0xx_HAL_Driver/Src/stm32l0xx_hal_pcd.o
                0x08001a6c                HAL_PCD_SetAddress
 .text.HAL_PCD_EP_Open
                0x08001ac0       0xe2 ./Drivers/STM32L0xx_HAL_Driver/Src/stm32l0xx_hal_pcd.o
                0x08001ac0                HAL_PCD_EP_Open
 .text.HAL_PCD_EP_Close
                0x08001ba2       0xa2 ./Drivers/STM32L0xx_HAL_Driver/Src/stm32l0xx_hal_pcd.o
                0x08001ba2                HAL_PCD_EP_Close
 .text.HAL_PCD_EP_Receive
                0x08001c44       0x6e ./Drivers/STM32L0xx_HAL_Driver/Src/stm32l0xx_hal_pcd.o
                0x08001c44                HAL_PCD_EP_Receive
 .text.HAL_PCD_EP_GetRxCount
                0x08001cb2       0x32 ./Drivers/STM32L0xx_HAL_Driver/Src/stm32l0xx_hal_pcd.o
                0x08001cb2                HAL_PCD_EP_GetRxCount
 .text.HAL_PCD_EP_Transmit
                0x08001ce4       0x78 ./Drivers/STM32L0xx_HAL_Driver/Src/stm32l0xx_hal_pcd.o
                0x08001ce4                HAL_PCD_EP_Transmit
 .text.HAL_PCD_EP_SetStall
                0x08001d5c       0xb8 ./Drivers/STM32L0xx_HAL_Driver/Src/stm32l0xx_hal_pcd.o
                0x08001d5c                HAL_PCD_EP_SetStall
 .text.HAL_PCD_EP_ClrStall
                0x08001e14       0xbc ./Drivers/STM32L0xx_HAL_Driver/Src/stm32l0xx_hal_pcd.o
                0x08001e14                HAL_PCD_EP_ClrStall
 .text.PCD_EP_ISR_Handler
                0x08001ed0      0x7a8 ./Drivers/STM32L0xx_HAL_Driver/Src/stm32l0xx_hal_pcd.o
 .text.HAL_PCD_EP_DB_Receive
                0x08002678      0x238 ./Drivers/STM32L0xx_HAL_Driver/Src/stm32l0xx_hal_pcd.o
 .text.HAL_PCD_EP_DB_Transmit
                0x080028b0      0x890 ./Drivers/STM32L0xx_HAL_Driver/Src/stm32l0xx_hal_pcd.o
 .text.HAL_PCDEx_PMAConfig
                0x08003140       0x9c ./Drivers/STM32L0xx_HAL_Driver/Src/stm32l0xx_hal_pcd_ex.o
                0x08003140                HAL_PCDEx_PMAConfig
 .text.HAL_PCDEx_ActivateLPM
                0x080031dc       0x54 ./Drivers/STM32L0xx_HAL_Driver/Src/stm32l0xx_hal_pcd_ex.o
                0x080031dc                HAL_PCDEx_ActivateLPM
 .text.HAL_PCDEx_LPM_Callback
                0x08003230       0x16 ./Drivers/STM32L0xx_HAL_Driver/Src/stm32l0xx_hal_pcd_ex.o
                0x08003230                HAL_PCDEx_LPM_Callback
 *fill*         0x08003246        0x2 
 .text.HAL_RCC_OscConfig
                0x08003248      0x788 ./Drivers/STM32L0xx_HAL_Driver/Src/stm32l0xx_hal_rcc.o
                0x08003248                HAL_RCC_OscConfig
 .text.HAL_RCC_ClockConfig
                0x080039d0      0x290 ./Drivers/STM32L0xx_HAL_Driver/Src/stm32l0xx_hal_rcc.o
                0x080039d0                HAL_RCC_ClockConfig
 .text.HAL_RCC_GetSysClockFreq
                0x08003c60      0x10c ./Drivers/STM32L0xx_HAL_Driver/Src/stm32l0xx_hal_rcc.o
                0x08003c60                HAL_RCC_GetSysClockFreq
 .text.HAL_RCC_GetHCLKFreq
                0x08003d6c       0x14 ./Drivers/STM32L0xx_HAL_Driver/Src/stm32l0xx_hal_rcc.o
                0x08003d6c                HAL_RCC_GetHCLKFreq
 .text.HAL_RCC_GetPCLK1Freq
                0x08003d80       0x2c ./Drivers/STM32L0xx_HAL_Driver/Src/stm32l0xx_hal_rcc.o
                0x08003d80                HAL_RCC_GetPCLK1Freq
 .text.HAL_RCC_GetPCLK2Freq
                0x08003dac       0x2c ./Drivers/STM32L0xx_HAL_Driver/Src/stm32l0xx_hal_rcc.o
                0x08003dac                HAL_RCC_GetPCLK2Freq
 .text.HAL_RCCEx_PeriphCLKConfig
                0x08003dd8      0x31c ./Drivers/STM32L0xx_HAL_Driver/Src/stm32l0xx_hal_rcc_ex.o
                0x08003dd8                HAL_RCCEx_PeriphCLKConfig
 .text.HAL_RNG_Init
                0x080040f4       0x56 ./Drivers/STM32L0xx_HAL_Driver/Src/stm32l0xx_hal_rng.o
                0x080040f4                HAL_RNG_Init
 .text.HAL_TIM_PWM_Init
                0x0800414a       0x80 ./Drivers/STM32L0xx_HAL_Driver/Src/stm32l0xx_hal_tim.o
                0x0800414a                HAL_TIM_PWM_Init
 *fill*         0x080041ca        0x2 
 .text.HAL_TIM_PWM_ConfigChannel
                0x080041cc      0x18c ./Drivers/STM32L0xx_HAL_Driver/Src/stm32l0xx_hal_tim.o
                0x080041cc                HAL_TIM_PWM_ConfigChannel
 .text.TIM_Base_SetConfig
                0x08004358       0xb4 ./Drivers/STM32L0xx_HAL_Driver/Src/stm32l0xx_hal_tim.o
 .text.TIM_OC1_SetConfig
                0x0800440c       0x78 ./Drivers/STM32L0xx_HAL_Driver/Src/stm32l0xx_hal_tim.o
 .text.TIM_OC2_SetConfig
                0x08004484       0x84 ./Drivers/STM32L0xx_HAL_Driver/Src/stm32l0xx_hal_tim.o
 .text.TIM_OC3_SetConfig
                0x08004508       0x80 ./Drivers/STM32L0xx_HAL_Driver/Src/stm32l0xx_hal_tim.o
 .text.TIM_OC4_SetConfig
                0x08004588       0x8c ./Drivers/STM32L0xx_HAL_Driver/Src/stm32l0xx_hal_tim.o
 .text.HAL_TIMEx_MasterConfigSynchronization
                0x08004614       0xb0 ./Drivers/STM32L0xx_HAL_Driver/Src/stm32l0xx_hal_tim_ex.o
                0x08004614                HAL_TIMEx_MasterConfigSynchronization
 .text.HAL_UART_Init
                0x080046c4       0xa8 ./Drivers/STM32L0xx_HAL_Driver/Src/stm32l0xx_hal_uart.o
                0x080046c4                HAL_UART_Init
 .text.UART_SetConfig
                0x0800476c      0x508 ./Drivers/STM32L0xx_HAL_Driver/Src/stm32l0xx_hal_uart.o
                0x0800476c                UART_SetConfig
 .text.UART_AdvFeatureConfig
                0x08004c74      0x168 ./Drivers/STM32L0xx_HAL_Driver/Src/stm32l0xx_hal_uart.o
                0x08004c74                UART_AdvFeatureConfig
 .text.UART_CheckIdleState
                0x08004ddc      0x150 ./Drivers/STM32L0xx_HAL_Driver/Src/stm32l0xx_hal_uart.o
                0x08004ddc                UART_CheckIdleState
 .text.UART_WaitOnFlagUntilTimeout
                0x08004f2c       0xde ./Drivers/STM32L0xx_HAL_Driver/Src/stm32l0xx_hal_uart.o
                0x08004f2c                UART_WaitOnFlagUntilTimeout
 *fill*         0x0800500a        0x2 
 .text.UART_EndRxTransfer
                0x0800500c       0xc8 ./Drivers/STM32L0xx_HAL_Driver/Src/stm32l0xx_hal_uart.o
 .text.USB_EnableGlobalInt
                0x080050d4       0x2c ./Drivers/STM32L0xx_HAL_Driver/Src/stm32l0xx_ll_usb.o
                0x080050d4                USB_EnableGlobalInt
 .text.USB_DisableGlobalInt
                0x08005100       0x34 ./Drivers/STM32L0xx_HAL_Driver/Src/stm32l0xx_ll_usb.o
                0x08005100                USB_DisableGlobalInt
 .text.USB_DevInit
                0x08005134       0x38 ./Drivers/STM32L0xx_HAL_Driver/Src/stm32l0xx_ll_usb.o
                0x08005134                USB_DevInit
 .text.USB_ActivateEndpoint
                0x0800516c      0x9a8 ./Drivers/STM32L0xx_HAL_Driver/Src/stm32l0xx_ll_usb.o
                0x0800516c                USB_ActivateEndpoint
 .text.USB_DeactivateEndpoint
                0x08005b14      0x380 ./Drivers/STM32L0xx_HAL_Driver/Src/stm32l0xx_ll_usb.o
                0x08005b14                USB_DeactivateEndpoint
 .text.USB_EPStartXfer
                0x08005e94      0xbd8 ./Drivers/STM32L0xx_HAL_Driver/Src/stm32l0xx_ll_usb.o
                0x08005e94                USB_EPStartXfer
 .text.USB_EPSetStall
                0x08006a6c       0xa0 ./Drivers/STM32L0xx_HAL_Driver/Src/stm32l0xx_ll_usb.o
                0x08006a6c                USB_EPSetStall
 .text.USB_EPClearStall
                0x08006b0c      0x158 ./Drivers/STM32L0xx_HAL_Driver/Src/stm32l0xx_ll_usb.o
                0x08006b0c                USB_EPClearStall
 .text.USB_SetDevAddress
                0x08006c64       0x28 ./Drivers/STM32L0xx_HAL_Driver/Src/stm32l0xx_ll_usb.o
                0x08006c64                USB_SetDevAddress
 .text.USB_DevConnect
                0x08006c8c       0x2c ./Drivers/STM32L0xx_HAL_Driver/Src/stm32l0xx_ll_usb.o
                0x08006c8c                USB_DevConnect
 .text.USB_ReadInterrupts
                0x08006cb8       0x1c ./Drivers/STM32L0xx_HAL_Driver/Src/stm32l0xx_ll_usb.o
                0x08006cb8                USB_ReadInterrupts
 .text.USB_WritePMA
                0x08006cd4       0x94 ./Drivers/STM32L0xx_HAL_Driver/Src/stm32l0xx_ll_usb.o
                0x08006cd4                USB_WritePMA
 .text.USB_ReadPMA
                0x08006d68       0x9e ./Drivers/STM32L0xx_HAL_Driver/Src/stm32l0xx_ll_usb.o
                0x08006d68                USB_ReadPMA
 .text.USBD_CDC_Init
                0x08006e06      0x118 ./Middlewares/ST/STM32_USB_Device_Library/Class/CDC/Src/usbd_cdc.o
 .text.USBD_CDC_DeInit
                0x08006f1e       0x88 ./Middlewares/ST/STM32_USB_Device_Library/Class/CDC/Src/usbd_cdc.o
 *fill*         0x08006fa6        0x2 
 .text.USBD_CDC_Setup
                0x08006fa8      0x190 ./Middlewares/ST/STM32_USB_Device_Library/Class/CDC/Src/usbd_cdc.o
 .text.USBD_CDC_DataIn
                0x08007138       0xb6 ./Middlewares/ST/STM32_USB_Device_Library/Class/CDC/Src/usbd_cdc.o
 .text.USBD_CDC_DataOut
                0x080071ee       0x6a ./Middlewares/ST/STM32_USB_Device_Library/Class/CDC/Src/usbd_cdc.o
 .text.USBD_CDC_EP0_RxReady
                0x08007258       0x60 ./Middlewares/ST/STM32_USB_Device_Library/Class/CDC/Src/usbd_cdc.o
 .text.USBD_CDC_GetFSCfgDesc
                0x080072b8       0x1c ./Middlewares/ST/STM32_USB_Device_Library/Class/CDC/Src/usbd_cdc.o
 .text.USBD_CDC_GetHSCfgDesc
                0x080072d4       0x1c ./Middlewares/ST/STM32_USB_Device_Library/Class/CDC/Src/usbd_cdc.o
 .text.USBD_CDC_GetOtherSpeedCfgDesc
                0x080072f0       0x1c ./Middlewares/ST/STM32_USB_Device_Library/Class/CDC/Src/usbd_cdc.o
 .text.USBD_CDC_GetDeviceQualifierDescriptor
                0x0800730c       0x1c ./Middlewares/ST/STM32_USB_Device_Library/Class/CDC/Src/usbd_cdc.o
                0x0800730c                USBD_CDC_GetDeviceQualifierDescriptor
 .text.USBD_CDC_RegisterInterface
                0x08007328       0x36 ./Middlewares/ST/STM32_USB_Device_Library/Class/CDC/Src/usbd_cdc.o
                0x08007328                USBD_CDC_RegisterInterface
 .text.USBD_CDC_SetTxBuffer
                0x0800735e       0x38 ./Middlewares/ST/STM32_USB_Device_Library/Class/CDC/Src/usbd_cdc.o
                0x0800735e                USBD_CDC_SetTxBuffer
 .text.USBD_CDC_SetRxBuffer
                0x08007396       0x28 ./Middlewares/ST/STM32_USB_Device_Library/Class/CDC/Src/usbd_cdc.o
                0x08007396                USBD_CDC_SetRxBuffer
 .text.USBD_CDC_ReceivePacket
                0x080073be       0x5c ./Middlewares/ST/STM32_USB_Device_Library/Class/CDC/Src/usbd_cdc.o
                0x080073be                USBD_CDC_ReceivePacket
 .text.USBD_Init
                0x0800741a       0x62 ./Middlewares/ST/STM32_USB_Device_Library/Core/Src/usbd_core.o
                0x0800741a                USBD_Init
 .text.USBD_RegisterClass
                0x0800747c       0x40 ./Middlewares/ST/STM32_USB_Device_Library/Core/Src/usbd_core.o
                0x0800747c                USBD_RegisterClass
 .text.USBD_Start
                0x080074bc       0x1a ./Middlewares/ST/STM32_USB_Device_Library/Core/Src/usbd_core.o
                0x080074bc                USBD_Start
 .text.USBD_RunTestMode
                0x080074d6       0x12 ./Middlewares/ST/STM32_USB_Device_Library/Core/Src/usbd_core.o
                0x080074d6                USBD_RunTestMode
 .text.USBD_SetClassConfig
                0x080074e8       0x4e ./Middlewares/ST/STM32_USB_Device_Library/Core/Src/usbd_core.o
                0x080074e8                USBD_SetClassConfig
 .text.USBD_ClrClassConfig
                0x08007536       0x2c ./Middlewares/ST/STM32_USB_Device_Library/Core/Src/usbd_core.o
                0x08007536                USBD_ClrClassConfig
 *fill*         0x08007562        0x2 
 .text.USBD_LL_SetupStage
                0x08007564       0xbc ./Middlewares/ST/STM32_USB_Device_Library/Core/Src/usbd_core.o
                0x08007564                USBD_LL_SetupStage
 .text.USBD_LL_DataOutStage
                0x08007620      0x104 ./Middlewares/ST/STM32_USB_Device_Library/Core/Src/usbd_core.o
                0x08007620                USBD_LL_DataOutStage
 .text.USBD_LL_DataInStage
                0x08007724      0x17a ./Middlewares/ST/STM32_USB_Device_Library/Core/Src/usbd_core.o
                0x08007724                USBD_LL_DataInStage
 .text.USBD_LL_Reset
                0x0800789e       0x90 ./Middlewares/ST/STM32_USB_Device_Library/Core/Src/usbd_core.o
                0x0800789e                USBD_LL_Reset
 .text.USBD_LL_SetSpeed
                0x0800792e       0x20 ./Middlewares/ST/STM32_USB_Device_Library/Core/Src/usbd_core.o
                0x0800792e                USBD_LL_SetSpeed
 *fill*         0x0800794e        0x2 
 .text.USBD_LL_Suspend
                0x08007950       0x30 ./Middlewares/ST/STM32_USB_Device_Library/Core/Src/usbd_core.o
                0x08007950                USBD_LL_Suspend
 .text.USBD_LL_Resume
                0x08007980       0x30 ./Middlewares/ST/STM32_USB_Device_Library/Core/Src/usbd_core.o
                0x08007980                USBD_LL_Resume
 .text.USBD_LL_SOF
                0x080079b0       0x3c ./Middlewares/ST/STM32_USB_Device_Library/Core/Src/usbd_core.o
                0x080079b0                USBD_LL_SOF
 .text.USBD_StdDevReq
                0x080079ec       0xe4 ./Middlewares/ST/STM32_USB_Device_Library/Core/Src/usbd_ctlreq.o
                0x080079ec                USBD_StdDevReq
 .text.USBD_StdItfReq
                0x08007ad0       0xae ./Middlewares/ST/STM32_USB_Device_Library/Core/Src/usbd_ctlreq.o
                0x08007ad0                USBD_StdItfReq
 .text.USBD_StdEPReq
                0x08007b7e      0x36c ./Middlewares/ST/STM32_USB_Device_Library/Core/Src/usbd_ctlreq.o
                0x08007b7e                USBD_StdEPReq
 *fill*         0x08007eea        0x2 
 .text.USBD_GetDescriptor
                0x08007eec      0x364 ./Middlewares/ST/STM32_USB_Device_Library/Core/Src/usbd_ctlreq.o
 .text.USBD_SetAddress
                0x08008250       0xa8 ./Middlewares/ST/STM32_USB_Device_Library/Core/Src/usbd_ctlreq.o
 .text.USBD_SetConfig
                0x080082f8      0x148 ./Middlewares/ST/STM32_USB_Device_Library/Core/Src/usbd_ctlreq.o
 .text.USBD_GetConfig
                0x08008440       0x76 ./Middlewares/ST/STM32_USB_Device_Library/Core/Src/usbd_ctlreq.o
 .text.USBD_GetStatus
                0x080084b6       0x74 ./Middlewares/ST/STM32_USB_Device_Library/Core/Src/usbd_ctlreq.o
 .text.USBD_SetFeature
                0x0800852a       0x2c ./Middlewares/ST/STM32_USB_Device_Library/Core/Src/usbd_ctlreq.o
 .text.USBD_ClrFeature
                0x08008556       0x4c ./Middlewares/ST/STM32_USB_Device_Library/Core/Src/usbd_ctlreq.o
 .text.USBD_ParseSetupRequest
                0x080085a2       0x70 ./Middlewares/ST/STM32_USB_Device_Library/Core/Src/usbd_ctlreq.o
                0x080085a2                USBD_ParseSetupRequest
 .text.USBD_CtlError
                0x08008612       0x26 ./Middlewares/ST/STM32_USB_Device_Library/Core/Src/usbd_ctlreq.o
                0x08008612                USBD_CtlError
 .text.USBD_GetString
                0x08008638       0x9c ./Middlewares/ST/STM32_USB_Device_Library/Core/Src/usbd_ctlreq.o
                0x08008638                USBD_GetString
 .text.USBD_GetLen
                0x080086d4       0x3a ./Middlewares/ST/STM32_USB_Device_Library/Core/Src/usbd_ctlreq.o
 .text.USBD_CtlSendData
                0x0800870e       0x40 ./Middlewares/ST/STM32_USB_Device_Library/Core/Src/usbd_ioreq.o
                0x0800870e                USBD_CtlSendData
 .text.USBD_CtlContinueSendData
                0x0800874e       0x26 ./Middlewares/ST/STM32_USB_Device_Library/Core/Src/usbd_ioreq.o
                0x0800874e                USBD_CtlContinueSendData
 .text.USBD_CtlPrepareRx
                0x08008774       0x48 ./Middlewares/ST/STM32_USB_Device_Library/Core/Src/usbd_ioreq.o
                0x08008774                USBD_CtlPrepareRx
 .text.USBD_CtlContinueRx
                0x080087bc       0x26 ./Middlewares/ST/STM32_USB_Device_Library/Core/Src/usbd_ioreq.o
                0x080087bc                USBD_CtlContinueRx
 .text.USBD_CtlSendStatus
                0x080087e2       0x28 ./Middlewares/ST/STM32_USB_Device_Library/Core/Src/usbd_ioreq.o
                0x080087e2                USBD_CtlSendStatus
 .text.USBD_CtlReceiveStatus
                0x0800880a       0x28 ./Middlewares/ST/STM32_USB_Device_Library/Core/Src/usbd_ioreq.o
                0x0800880a                USBD_CtlReceiveStatus
 *fill*         0x08008832        0x2 
 .text.MX_USB_DEVICE_Init
                0x08008834       0x68 ./USB_DEVICE/App/usb_device.o
                0x08008834                MX_USB_DEVICE_Init
 .text.CDC_Init_FS
                0x0800889c       0x30 ./USB_DEVICE/App/usbd_cdc_if.o
 .text.CDC_DeInit_FS
                0x080088cc        0xc ./USB_DEVICE/App/usbd_cdc_if.o
 .text.CDC_Control_FS
                0x080088d8       0x38 ./USB_DEVICE/App/usbd_cdc_if.o
 .text.CDC_Receive_FS
                0x08008910       0x2c ./USB_DEVICE/App/usbd_cdc_if.o
 .text.USBD_FS_DeviceDescriptor
                0x0800893c       0x24 ./USB_DEVICE/App/usbd_desc.o
                0x0800893c                USBD_FS_DeviceDescriptor
 .text.USBD_FS_LangIDStrDescriptor
                0x08008960       0x24 ./USB_DEVICE/App/usbd_desc.o
                0x08008960                USBD_FS_LangIDStrDescriptor
 .text.USBD_FS_ProductStrDescriptor
                0x08008984       0x44 ./USB_DEVICE/App/usbd_desc.o
                0x08008984                USBD_FS_ProductStrDescriptor
 .text.USBD_FS_ManufacturerStrDescriptor
                0x080089c8       0x2c ./USB_DEVICE/App/usbd_desc.o
                0x080089c8                USBD_FS_ManufacturerStrDescriptor
 .text.USBD_FS_SerialStrDescriptor
                0x080089f4       0x28 ./USB_DEVICE/App/usbd_desc.o
                0x080089f4                USBD_FS_SerialStrDescriptor
 .text.USBD_FS_ConfigStrDescriptor
                0x08008a1c       0x44 ./USB_DEVICE/App/usbd_desc.o
                0x08008a1c                USBD_FS_ConfigStrDescriptor
 .text.USBD_FS_InterfaceStrDescriptor
                0x08008a60       0x44 ./USB_DEVICE/App/usbd_desc.o
                0x08008a60                USBD_FS_InterfaceStrDescriptor
 .text.Get_SerialNum
                0x08008aa4       0x5c ./USB_DEVICE/App/usbd_desc.o
 .text.IntToUnicode
                0x08008b00       0x96 ./USB_DEVICE/App/usbd_desc.o
 *fill*         0x08008b96        0x2 
 .text.HAL_PCD_MspInit
                0x08008b98       0x40 ./USB_DEVICE/Target/usbd_conf.o
                0x08008b98                HAL_PCD_MspInit
 .text.HAL_PCD_SetupStageCallback
                0x08008bd8       0x2a ./USB_DEVICE/Target/usbd_conf.o
                0x08008bd8                HAL_PCD_SetupStageCallback
 .text.HAL_PCD_DataOutStageCallback
                0x08008c02       0x42 ./USB_DEVICE/Target/usbd_conf.o
                0x08008c02                HAL_PCD_DataOutStageCallback
 .text.HAL_PCD_DataInStageCallback
                0x08008c44       0x3c ./USB_DEVICE/Target/usbd_conf.o
                0x08008c44                HAL_PCD_DataInStageCallback
 .text.HAL_PCD_SOFCallback
                0x08008c80       0x1e ./USB_DEVICE/Target/usbd_conf.o
                0x08008c80                HAL_PCD_SOFCallback
 .text.HAL_PCD_ResetCallback
                0x08008c9e       0x48 ./USB_DEVICE/Target/usbd_conf.o
                0x08008c9e                HAL_PCD_ResetCallback
 *fill*         0x08008ce6        0x2 
 .text.HAL_PCD_SuspendCallback
                0x08008ce8       0x38 ./USB_DEVICE/Target/usbd_conf.o
                0x08008ce8                HAL_PCD_SuspendCallback
 .text.HAL_PCD_ResumeCallback
                0x08008d20       0x3c ./USB_DEVICE/Target/usbd_conf.o
                0x08008d20                HAL_PCD_ResumeCallback
 .text.USBD_LL_Init
                0x08008d5c       0xc8 ./USB_DEVICE/Target/usbd_conf.o
                0x08008d5c                USBD_LL_Init
 .text.USBD_LL_Start
                0x08008e24       0x4a ./USB_DEVICE/Target/usbd_conf.o
                0x08008e24                USBD_LL_Start
 .text.USBD_LL_OpenEP
                0x08008e6e       0x6e ./USB_DEVICE/Target/usbd_conf.o
                0x08008e6e                USBD_LL_OpenEP
 .text.USBD_LL_CloseEP
                0x08008edc       0x56 ./USB_DEVICE/Target/usbd_conf.o
                0x08008edc                USBD_LL_CloseEP
 .text.USBD_LL_StallEP
                0x08008f32       0x56 ./USB_DEVICE/Target/usbd_conf.o
                0x08008f32                USBD_LL_StallEP
 .text.USBD_LL_ClearStallEP
                0x08008f88       0x56 ./USB_DEVICE/Target/usbd_conf.o
                0x08008f88                USBD_LL_ClearStallEP
 .text.USBD_LL_IsStallEP
                0x08008fde       0x60 ./USB_DEVICE/Target/usbd_conf.o
                0x08008fde                USBD_LL_IsStallEP
 .text.USBD_LL_SetUSBAddress
                0x0800903e       0x56 ./USB_DEVICE/Target/usbd_conf.o
                0x0800903e                USBD_LL_SetUSBAddress
 .text.USBD_LL_Transmit
                0x08009094       0x6e ./USB_DEVICE/Target/usbd_conf.o
                0x08009094                USBD_LL_Transmit
 .text.USBD_LL_PrepareReceive
                0x08009102       0x6e ./USB_DEVICE/Target/usbd_conf.o
                0x08009102                USBD_LL_PrepareReceive
 .text.USBD_LL_GetRxDataSize
                0x08009170       0x2c ./USB_DEVICE/Target/usbd_conf.o
                0x08009170                USBD_LL_GetRxDataSize
 .text.USBD_static_malloc
                0x0800919c       0x18 ./USB_DEVICE/Target/usbd_conf.o
                0x0800919c                USBD_static_malloc
 .text.USBD_static_free
                0x080091b4       0x10 ./USB_DEVICE/Target/usbd_conf.o
                0x080091b4                USBD_static_free
 .text.SystemClockConfig_Resume
                0x080091c4        0xe ./USB_DEVICE/Target/usbd_conf.o
 .text.USBD_Get_USB_Status
                0x080091d2       0x6e ./USB_DEVICE/Target/usbd_conf.o
 .text.memset   0x08009240       0x10 C:/ST/STM32CubeIDE_2.0.0/STM32CubeIDE/plugins/com.st.stm32cube.ide.mcu.externaltools.gnu-tools-for-stm32.13.3.rel1.win32_1.0.100.202509120712/tools/bin/../lib/gcc/arm-none-eabi/13.3.1/../../../../arm-none-eabi/lib/thumb/v6-m/nofp\libc_nano.a(libc_a-memset.o)
                0x08009240                memset
 .text.__libc_init_array
                0x08009250       0x48 C:/ST/STM32CubeIDE_2.0.0/STM32CubeIDE/plugins/com.st.stm32cube.ide.mcu.externaltools.gnu-tools-for-stm32.13.3.rel1.win32_1.0.100.202509120712/tools/bin/../lib/gcc/arm-none-eabi/13.3.1/../../../../arm-none-eabi/lib/thumb/v6-m/nofp\libc_nano.a(libc_a-init.o)
                0x08009250                __libc_init_array
 *(.glue_7)
 .glue_7        0x08009298        0x0 linker stubs
 *(.glue_7t)
 .glue_7t       0x08009298        0x0 linker stubs
 *(.eh_frame)
 .eh_frame      0x08009298        0x0 C:/ST/STM32CubeIDE_2.0.0/STM32CubeIDE/plugins/com.st.stm32cube.ide.mcu.externaltools.gnu-tools-for-stm32.13.3.rel1.win32_1.0.100.202509120712/tools/bin/../lib/gcc/arm-none-eabi/13.3.1/thumb/v6-m/nofp/crtbegin.o
 *(.init)
 .init          0x08009298        0x4 C:/ST/STM32CubeIDE_2.0.0/STM32CubeIDE/plugins/com.st.stm32cube.ide.mcu.externaltools.gnu-tools-for-stm32.13.3.rel1.win32_1.0.100.202509120712/tools/bin/../lib/gcc/arm-none-eabi/13.3.1/thumb/v6-m/nofp/crti.o
                0x08009298                _init
 .init          0x0800929c        0x8 C:/ST/STM32CubeIDE_2.0.0/STM32CubeIDE/plugins/com.st.stm32cube.ide.mcu.externaltools.gnu-tools-for-stm32.13.3.rel1.win32_1.0.100.202509120712/tools/bin/../lib/gcc/arm-none-eabi/13.3.1/thumb/v6-m/nofp/crtn.o
 *(.fini)
 .fini          0x080092a4        0x4 C:/ST/STM32CubeIDE_2.0.0/STM32CubeIDE/plugins/com.st.stm32cube.ide.mcu.externaltools.gnu-tools-for-stm32.13.3.rel1.win32_1.0.100.202509120712/tools/bin/../lib/gcc/arm-none-eabi/13.3.1/thumb/v6-m/nofp/crti.o
                0x080092a4                _fini
 .fini          0x080092a8        0x8 C:/ST/STM32CubeIDE_2.0.0/STM32CubeIDE/plugins/com.st.stm32cube.ide.mcu.externaltools.gnu-tools-for-stm32.13.3.rel1.win32_1.0.100.202509120712/tools/bin/../lib/gcc/arm-none-eabi/13.3.1/thumb/v6-m/nofp/crtn.o
                0x080092b0                        . = ALIGN (0x4)
                0x080092b0                        _etext = .

.vfp11_veneer   0x080092b0        0x0
 .vfp11_veneer  0x080092b0        0x0 linker stubs

.v4_bx          0x080092b0        0x0
 .v4_bx         0x080092b0        0x0 linker stubs

.iplt           0x080092b0        0x0
 .iplt          0x080092b0        0x0 C:/ST/STM32CubeIDE_2.0.0/STM32CubeIDE/plugins/com.st.stm32cube.ide.mcu.externaltools.gnu-tools-for-stm32.13.3.rel1.win32_1.0.100.202509120712/tools/bin/../lib/gcc/arm-none-eabi/13.3.1/thumb/v6-m/nofp/crtbegin.o

.rodata         0x080092b0      0x194
                0x080092b0                        . = ALIGN (0x4)
 *(.rodata)
 .rodata        0x080092b0       0x36 ./USB_DEVICE/App/usbd_desc.o
 *(.rodata*)
 *fill*         0x080092e6        0x2 
 .rodata.AHBPrescTable
                0x080092e8       0x10 ./Core/Src/system_stm32l0xx.o
                0x080092e8                AHBPrescTable
 .rodata.APBPrescTable
                0x080092f8        0x8 ./Core/Src/system_stm32l0xx.o
                0x080092f8                APBPrescTable
 .rodata.PLLMulTable
                0x08009300        0x9 ./Core/Src/system_stm32l0xx.o
                0x08009300                PLLMulTable
 *fill*         0x08009309        0x3 
 .rodata.UART_SetConfig
                0x0800930c       0x48 ./Drivers/STM32L0xx_HAL_Driver/Src/stm32l0xx_hal_uart.o
 .rodata.USBD_StdDevReq
                0x08009354       0x28 ./Middlewares/ST/STM32_USB_Device_Library/Core/Src/usbd_ctlreq.o
 .rodata.USBD_GetDescriptor
                0x0800937c       0x38 ./Middlewares/ST/STM32_USB_Device_Library/Core/Src/usbd_ctlreq.o
 .rodata.CDC_Control_FS
                0x080093b4       0x90 ./USB_DEVICE/App/usbd_cdc_if.o
                0x08009444                        . = ALIGN (0x4)

.ARM.extab      0x08009444        0x0
                0x08009444                        . = ALIGN (0x4)
 *(.ARM.extab* .gnu.linkonce.armextab.*)
                0x08009444                        . = ALIGN (0x4)

.ARM            0x08009444        0x8
                0x08009444                        . = ALIGN (0x4)
                0x08009444                        __exidx_start = .
 *(.ARM.exidx*)
 .ARM.exidx     0x08009444        0x8 C:/ST/STM32CubeIDE_2.0.0/STM32CubeIDE/plugins/com.st.stm32cube.ide.mcu.externaltools.gnu-tools-for-stm32.13.3.rel1.win32_1.0.100.202509120712/tools/bin/../lib/gcc/arm-none-eabi/13.3.1/thumb/v6-m/nofp\libgcc.a(_udivmoddi4.o)
                0x0800944c                        __exidx_end = .
                0x0800944c                        . = ALIGN (0x4)

.preinit_array  0x0800944c        0x0
                0x0800944c                        . = ALIGN (0x4)
                0x0800944c                        PROVIDE (__preinit_array_start = .)
 *(.preinit_array*)
                0x0800944c                        PROVIDE (__preinit_array_end = .)
                0x0800944c                        . = ALIGN (0x4)

.init_array     0x0800944c        0x4
                0x0800944c                        . = ALIGN (0x4)
                0x0800944c                        PROVIDE (__init_array_start = .)
 *(SORT_BY_NAME(.init_array.*))
 *(.init_array*)
 .init_array    0x0800944c        0x4 C:/ST/STM32CubeIDE_2.0.0/STM32CubeIDE/plugins/com.st.stm32cube.ide.mcu.externaltools.gnu-tools-for-stm32.13.3.rel1.win32_1.0.100.202509120712/tools/bin/../lib/gcc/arm-none-eabi/13.3.1/thumb/v6-m/nofp/crtbegin.o
                0x08009450                        PROVIDE (__init_array_end = .)
                0x08009450                        . = ALIGN (0x4)

.fini_array     0x08009450        0x4
                0x08009450                        . = ALIGN (0x4)
                [!provide]                        PROVIDE (__fini_array_start = .)
 *(SORT_BY_NAME(.fini_array.*))
 *(.fini_array*)
 .fini_array    0x08009450        0x4 C:/ST/STM32CubeIDE_2.0.0/STM32CubeIDE/plugins/com.st.stm32cube.ide.mcu.externaltools.gnu-tools-for-stm32.13.3.rel1.win32_1.0.100.202509120712/tools/bin/../lib/gcc/arm-none-eabi/13.3.1/thumb/v6-m/nofp/crtbegin.o
                [!provide]                        PROVIDE (__fini_array_end = .)
                0x08009454                        . = ALIGN (0x4)
                0x08009454                        _sidata = LOADADDR (.data)

.rel.dyn        0x08009454        0x0
 .rel.iplt      0x08009454        0x0 C:/ST/STM32CubeIDE_2.0.0/STM32CubeIDE/plugins/com.st.stm32cube.ide.mcu.externaltools.gnu-tools-for-stm32.13.3.rel1.win32_1.0.100.202509120712/tools/bin/../lib/gcc/arm-none-eabi/13.3.1/thumb/v6-m/nofp/crtbegin.o

.data           0x20000000      0x17c load address 0x08009454
                0x20000000                        . = ALIGN (0x4)
                0x20000000                        _sdata = .
 *(.data)
 *(.data*)
 .data.SystemCoreClock
                0x20000000        0x4 ./Core/Src/system_stm32l0xx.o
                0x20000000                SystemCoreClock
 .data.uwTickPrio
                0x20000004        0x4 ./Drivers/STM32L0xx_HAL_Driver/Src/stm32l0xx_hal.o
                0x20000004                uwTickPrio
 .data.uwTickFreq
                0x20000008        0x1 ./Drivers/STM32L0xx_HAL_Driver/Src/stm32l0xx_hal.o
                0x20000008                uwTickFreq
 *fill*         0x20000009        0x3 
 .data.USBD_CDC_DeviceQualifierDesc
                0x2000000c        0xa ./Middlewares/ST/STM32_USB_Device_Library/Class/CDC/Src/usbd_cdc.o
 *fill*         0x20000016        0x2 
 .data.USBD_CDC
                0x20000018       0x38 ./Middlewares/ST/STM32_USB_Device_Library/Class/CDC/Src/usbd_cdc.o
                0x20000018                USBD_CDC
 .data.USBD_CDC_CfgHSDesc
                0x20000050       0x43 ./Middlewares/ST/STM32_USB_Device_Library/Class/CDC/Src/usbd_cdc.o
                0x20000050                USBD_CDC_CfgHSDesc
 *fill*         0x20000093        0x1 
 .data.USBD_CDC_CfgFSDesc
                0x20000094       0x43 ./Middlewares/ST/STM32_USB_Device_Library/Class/CDC/Src/usbd_cdc.o
                0x20000094                USBD_CDC_CfgFSDesc
 *fill*         0x200000d7        0x1 
 .data.USBD_CDC_OtherSpeedCfgDesc
                0x200000d8       0x43 ./Middlewares/ST/STM32_USB_Device_Library/Class/CDC/Src/usbd_cdc.o
                0x200000d8                USBD_CDC_OtherSpeedCfgDesc
 *fill*         0x2000011b        0x1 
 .data.USBD_Interface_fops_FS
                0x2000011c       0x10 ./USB_DEVICE/App/usbd_cdc_if.o
                0x2000011c                USBD_Interface_fops_FS
 .data.FS_Desc  0x2000012c       0x1c ./USB_DEVICE/App/usbd_desc.o
                0x2000012c                FS_Desc
 .data.USBD_FS_DeviceDesc
                0x20000148       0x12 ./USB_DEVICE/App/usbd_desc.o
                0x20000148                USBD_FS_DeviceDesc
 *fill*         0x2000015a        0x2 
 .data.USBD_LangIDDesc
                0x2000015c        0x4 ./USB_DEVICE/App/usbd_desc.o
                0x2000015c                USBD_LangIDDesc
 .data.USBD_StringSerial
                0x20000160       0x1a ./USB_DEVICE/App/usbd_desc.o
                0x20000160                USBD_StringSerial
 *(.RamFunc)
 *(.RamFunc*)
                0x2000017c                        . = ALIGN (0x4)
 *fill*         0x2000017a        0x2 
                0x2000017c                        _edata = .

.igot.plt       0x2000017c        0x0 load address 0x080095d0
 .igot.plt      0x2000017c        0x0 C:/ST/STM32CubeIDE_2.0.0/STM32CubeIDE/plugins/com.st.stm32cube.ide.mcu.externaltools.gnu-tools-for-stm32.13.3.rel1.win32_1.0.100.202509120712/tools/bin/../lib/gcc/arm-none-eabi/13.3.1/thumb/v6-m/nofp/crtbegin.o
                0x2000017c                        . = ALIGN (0x4)

.bss            0x2000017c     0x1334 load address 0x080095d0
                0x2000017c                        _sbss = .
                0x2000017c                        __bss_start__ = _sbss
 *(.bss)
 .bss           0x2000017c       0x1c C:/ST/STM32CubeIDE_2.0.0/STM32CubeIDE/plugins/com.st.stm32cube.ide.mcu.externaltools.gnu-tools-for-stm32.13.3.rel1.win32_1.0.100.202509120712/tools/bin/../lib/gcc/arm-none-eabi/13.3.1/thumb/v6-m/nofp/crtbegin.o
 *(.bss*)
 .bss.hcrc      0x20000198       0x24 ./Core/Src/main.o
                0x20000198                hcrc
 .bss.hi2c1     0x200001bc       0x54 ./Core/Src/main.o
                0x200001bc                hi2c1
 .bss.hrng      0x20000210       0x10 ./Core/Src/main.o
                0x20000210                hrng
 .bss.htim22    0x20000220       0x40 ./Core/Src/main.o
                0x20000220                htim22
 .bss.huart1    0x20000260       0x88 ./Core/Src/main.o
                0x20000260                huart1
 .bss.uwTick    0x200002e8        0x4 ./Drivers/STM32L0xx_HAL_Driver/Src/stm32l0xx_hal.o
                0x200002e8                uwTick
 .bss.cfgidx.0  0x200002ec        0x1 ./Middlewares/ST/STM32_USB_Device_Library/Core/Src/usbd_ctlreq.o
 *fill*         0x200002ed        0x3 
 .bss.hUsbDeviceFS
                0x200002f0      0x2c4 ./USB_DEVICE/App/usb_device.o
                0x200002f0                hUsbDeviceFS
 .bss.UserRxBufferFS
                0x200005b4      0x400 ./USB_DEVICE/App/usbd_cdc_if.o
                0x200005b4                UserRxBufferFS
 .bss.UserTxBufferFS
                0x200009b4      0x400 ./USB_DEVICE/App/usbd_cdc_if.o
                0x200009b4                UserTxBufferFS
 .bss.USBD_StrDesc
                0x20000db4      0x200 ./USB_DEVICE/App/usbd_desc.o
                0x20000db4                USBD_StrDesc
 .bss.hpcd_USB_FS
                0x20000fb4      0x2dc ./USB_DEVICE/Target/usbd_conf.o
                0x20000fb4                hpcd_USB_FS
 .bss.mem.0     0x20001290      0x220 ./USB_DEVICE/Target/usbd_conf.o
 *(COMMON)
                0x200014b0                        . = ALIGN (0x4)
                0x200014b0                        _ebss = .
                0x200014b0                        __bss_end__ = _ebss

._user_heap_stack
                0x200014b0      0x600 load address 0x080095d0
                0x200014b0                        . = ALIGN (0x8)
                [!provide]                        PROVIDE (end = .)
                0x200014b0                        PROVIDE (_end = .)
                0x200016b0                        . = (. + _Min_Heap_Size)
 *fill*         0x200014b0      0x200 
                0x20001ab0                        . = (. + _Min_Stack_Size)
 *fill*         0x200016b0      0x400 
                0x20001ab0                        . = ALIGN (0x8)

/DISCARD/
 libc.a(*)
 libm.a(*)
 libgcc.a(*)

.ARM.attributes
                0x00000000       0x28
 *(.ARM.attributes)
 .ARM.attributes
                0x00000000       0x1e C:/ST/STM32CubeIDE_2.0.0/STM32CubeIDE/plugins/com.st.stm32cube.ide.mcu.externaltools.gnu-tools-for-stm32.13.3.rel1.win32_1.0.100.202509120712/tools/bin/../lib/gcc/arm-none-eabi/13.3.1/thumb/v6-m/nofp/crti.o
 .ARM.attributes
                0x0000001e       0x2c C:/ST/STM32CubeIDE_2.0.0/STM32CubeIDE/plugins/com.st.stm32cube.ide.mcu.externaltools.gnu-tools-for-stm32.13.3.rel1.win32_1.0.100.202509120712/tools/bin/../lib/gcc/arm-none-eabi/13.3.1/thumb/v6-m/nofp/crtbegin.o
 .ARM.attributes
                0x0000004a       0x2c ./Core/Src/main.o
 .ARM.attributes
                0x00000076       0x2c ./Core/Src/stm32l0xx_hal_msp.o
 .ARM.attributes
                0x000000a2       0x2c ./Core/Src/stm32l0xx_it.o
 .ARM.attributes
                0x000000ce       0x2c ./Core/Src/system_stm32l0xx.o
 .ARM.attributes
                0x000000fa       0x22 ./Core/Startup/startup_stm32l053r8tx.o
 .ARM.attributes
                0x0000011c       0x2c ./Drivers/STM32L0xx_HAL_Driver/Src/stm32l0xx_hal.o
 .ARM.attributes
                0x00000148       0x2c ./Drivers/STM32L0xx_HAL_Driver/Src/stm32l0xx_hal_cortex.o
 .ARM.attributes
                0x00000174       0x2c ./Drivers/STM32L0xx_HAL_Driver/Src/stm32l0xx_hal_crc.o
 .ARM.attributes
                0x000001a0       0x2c ./Drivers/STM32L0xx_HAL_Driver/Src/stm32l0xx_hal_crc_ex.o
 .ARM.attributes
                0x000001cc       0x2c ./Drivers/STM32L0xx_HAL_Driver/Src/stm32l0xx_hal_gpio.o
 .ARM.attributes
                0x000001f8       0x2c ./Drivers/STM32L0xx_HAL_Driver/Src/stm32l0xx_hal_i2c.o
 .ARM.attributes
                0x00000224       0x2c ./Drivers/STM32L0xx_HAL_Driver/Src/stm32l0xx_hal_i2c_ex.o
 .ARM.attributes
                0x00000250       0x2c ./Drivers/STM32L0xx_HAL_Driver/Src/stm32l0xx_hal_pcd.o
 .ARM.attributes
                0x0000027c       0x2c ./Drivers/STM32L0xx_HAL_Driver/Src/stm32l0xx_hal_pcd_ex.o
 .ARM.attributes
                0x000002a8       0x2c ./Drivers/STM32L0xx_HAL_Driver/Src/stm32l0xx_hal_rcc.o
 .ARM.attributes
                0x000002d4       0x2c ./Drivers/STM32L0xx_HAL_Driver/Src/stm32l0xx_hal_rcc_ex.o
 .ARM.attributes
                0x00000300       0x2c ./Drivers/STM32L0xx_HAL_Driver/Src/stm32l0xx_hal_rng.o
 .ARM.attributes
                0x0000032c       0x2c ./Drivers/STM32L0xx_HAL_Driver/Src/stm32l0xx_hal_tim.o
 .ARM.attributes
                0x00000358       0x2c ./Drivers/STM32L0xx_HAL_Driver/Src/stm32l0xx_hal_tim_ex.o
 .ARM.attributes
                0x00000384       0x2c ./Drivers/STM32L0xx_HAL_Driver/Src/stm32l0xx_hal_uart.o
 .ARM.attributes
                0x000003b0       0x2c ./Drivers/STM32L0xx_HAL_Driver/Src/stm32l0xx_ll_usb.o
 .ARM.attributes
                0x000003dc       0x2c ./Middlewares/ST/STM32_USB_Device_Library/Class/CDC/Src/usbd_cdc.o
 .ARM.attributes
                0x00000408       0x2c ./Middlewares/ST/STM32_USB_Device_Library/Core/Src/usbd_core.o
 .ARM.attributes
                0x00000434       0x2c ./Middlewares/ST/STM32_USB_Device_Library/Core/Src/usbd_ctlreq.o
 .ARM.attributes
                0x00000460       0x2c ./Middlewares/ST/STM32_USB_Device_Library/Core/Src/usbd_ioreq.o
 .ARM.attributes
                0x0000048c       0x2c ./USB_DEVICE/App/usb_device.o
 .ARM.attributes
                0x000004b8       0x2c ./USB_DEVICE/App/usbd_cdc_if.o
 .ARM.attributes
                0x000004e4       0x2c ./USB_DEVICE/App/usbd_desc.o
 .ARM.attributes
                0x00000510       0x2c ./USB_DEVICE/Target/usbd_conf.o
 .ARM.attributes
                0x0000053c       0x2c C:/ST/STM32CubeIDE_2.0.0/STM32CubeIDE/plugins/com.st.stm32cube.ide.mcu.externaltools.gnu-tools-for-stm32.13.3.rel1.win32_1.0.100.202509120712/tools/bin/../lib/gcc/arm-none-eabi/13.3.1/../../../../arm-none-eabi/lib/thumb/v6-m/nofp\libc_nano.a(libc_a-memset.o)
 .ARM.attributes
                0x00000568       0x2c C:/ST/STM32CubeIDE_2.0.0/STM32CubeIDE/plugins/com.st.stm32cube.ide.mcu.externaltools.gnu-tools-for-stm32.13.3.rel1.win32_1.0.100.202509120712/tools/bin/../lib/gcc/arm-none-eabi/13.3.1/../../../../arm-none-eabi/lib/thumb/v6-m/nofp\libc_nano.a(libc_a-init.o)
 .ARM.attributes
                0x00000594       0x1e C:/ST/STM32CubeIDE_2.0.0/STM32CubeIDE/plugins/com.st.stm32cube.ide.mcu.externaltools.gnu-tools-for-stm32.13.3.rel1.win32_1.0.100.202509120712/tools/bin/../lib/gcc/arm-none-eabi/13.3.1/thumb/v6-m/nofp\libgcc.a(_udivsi3.o)
 .ARM.attributes
                0x000005b2       0x1e C:/ST/STM32CubeIDE_2.0.0/STM32CubeIDE/plugins/com.st.stm32cube.ide.mcu.externaltools.gnu-tools-for-stm32.13.3.rel1.win32_1.0.100.202509120712/tools/bin/../lib/gcc/arm-none-eabi/13.3.1/thumb/v6-m/nofp\libgcc.a(_dvmd_tls.o)
 .ARM.attributes
                0x000005d0       0x1e C:/ST/STM32CubeIDE_2.0.0/STM32CubeIDE/plugins/com.st.stm32cube.ide.mcu.externaltools.gnu-tools-for-stm32.13.3.rel1.win32_1.0.100.202509120712/tools/bin/../lib/gcc/arm-none-eabi/13.3.1/thumb/v6-m/nofp\libgcc.a(_aeabi_uldivmod.o)
 .ARM.attributes
                0x000005ee       0x2c C:/ST/STM32CubeIDE_2.0.0/STM32CubeIDE/plugins/com.st.stm32cube.ide.mcu.externaltools.gnu-tools-for-stm32.13.3.rel1.win32_1.0.100.202509120712/tools/bin/../lib/gcc/arm-none-eabi/13.3.1/thumb/v6-m/nofp\libgcc.a(_udivmoddi4.o)
 .ARM.attributes
                0x0000061a       0x1e C:/ST/STM32CubeIDE_2.0.0/STM32CubeIDE/plugins/com.st.stm32cube.ide.mcu.externaltools.gnu-tools-for-stm32.13.3.rel1.win32_1.0.100.202509120712/tools/bin/../lib/gcc/arm-none-eabi/13.3.1/thumb/v6-m/nofp\libgcc.a(_clzdi2.o)
 .ARM.attributes
                0x00000638       0x1e C:/ST/STM32CubeIDE_2.0.0/STM32CubeIDE/plugins/com.st.stm32cube.ide.mcu.externaltools.gnu-tools-for-stm32.13.3.rel1.win32_1.0.100.202509120712/tools/bin/../lib/gcc/arm-none-eabi/13.3.1/thumb/v6-m/nofp\libgcc.a(_clzsi2.o)
 .ARM.attributes
                0x00000656       0x1e C:/ST/STM32CubeIDE_2.0.0/STM32CubeIDE/plugins/com.st.stm32cube.ide.mcu.externaltools.gnu-tools-for-stm32.13.3.rel1.win32_1.0.100.202509120712/tools/bin/../lib/gcc/arm-none-eabi/13.3.1/thumb/v6-m/nofp/crtn.o
OUTPUT(BOKAKA.elf elf32-littlearm)
LOAD linker stubs
LOAD C:/ST/STM32CubeIDE_2.0.0/STM32CubeIDE/plugins/com.st.stm32cube.ide.mcu.externaltools.gnu-tools-for-stm32.13.3.rel1.win32_1.0.100.202509120712/tools/bin/../lib/gcc/arm-none-eabi/13.3.1/../../../../arm-none-eabi/lib/thumb/v6-m/nofp\libc.a
LOAD C:/ST/STM32CubeIDE_2.0.0/STM32CubeIDE/plugins/com.st.stm32cube.ide.mcu.externaltools.gnu-tools-for-stm32.13.3.rel1.win32_1.0.100.202509120712/tools/bin/../lib/gcc/arm-none-eabi/13.3.1/../../../../arm-none-eabi/lib/thumb/v6-m/nofp\libm.a
LOAD C:/ST/STM32CubeIDE_2.0.0/STM32CubeIDE/plugins/com.st.stm32cube.ide.mcu.externaltools.gnu-tools-for-stm32.13.3.rel1.win32_1.0.100.202509120712/tools/bin/../lib/gcc/arm-none-eabi/13.3.1/thumb/v6-m/nofp\libgcc.a

.debug_info     0x00000000    0x18537
 .debug_info    0x00000000     0x1720 ./Core/Src/main.o
 .debug_info    0x00001720     0x1346 ./Core/Src/stm32l0xx_hal_msp.o
 .debug_info    0x00002a66      0x5f2 ./Core/Src/stm32l0xx_it.o
 .debug_info    0x00003058      0x2d0 ./Core/Src/system_stm32l0xx.o
 .debug_info    0x00003328       0x30 ./Core/Startup/startup_stm32l053r8tx.o
 .debug_info    0x00003358      0x863 ./Drivers/STM32L0xx_HAL_Driver/Src/stm32l0xx_hal.o
 .debug_info    0x00003bbb      0x88a ./Drivers/STM32L0xx_HAL_Driver/Src/stm32l0xx_hal_cortex.o
 .debug_info    0x00004445      0x53f ./Drivers/STM32L0xx_HAL_Driver/Src/stm32l0xx_hal_crc.o
 .debug_info    0x00004984      0x36a ./Drivers/STM32L0xx_HAL_Driver/Src/stm32l0xx_hal_crc_ex.o
 .debug_info    0x00004cee      0x624 ./Drivers/STM32L0xx_HAL_Driver/Src/stm32l0xx_hal_gpio.o
 .debug_info    0x00005312     0x20da ./Drivers/STM32L0xx_HAL_Driver/Src/stm32l0xx_hal_i2c.o
 .debug_info    0x000073ec      0x878 ./Drivers/STM32L0xx_HAL_Driver/Src/stm32l0xx_hal_i2c_ex.o
 .debug_info    0x00007c64     0x166c ./Drivers/STM32L0xx_HAL_Driver/Src/stm32l0xx_hal_pcd.o
 .debug_info    0x000092d0      0x80a ./Drivers/STM32L0xx_HAL_Driver/Src/stm32l0xx_hal_pcd_ex.o
 .debug_info    0x00009ada      0x9f9 ./Drivers/STM32L0xx_HAL_Driver/Src/stm32l0xx_hal_rcc.o
 .debug_info    0x0000a4d3      0x7e6 ./Drivers/STM32L0xx_HAL_Driver/Src/stm32l0xx_hal_rcc_ex.o
 .debug_info    0x0000acb9      0x494 ./Drivers/STM32L0xx_HAL_Driver/Src/stm32l0xx_hal_rng.o
 .debug_info    0x0000b14d     0x27d1 ./Drivers/STM32L0xx_HAL_Driver/Src/stm32l0xx_hal_tim.o
 .debug_info    0x0000d91e      0x6af ./Drivers/STM32L0xx_HAL_Driver/Src/stm32l0xx_hal_tim_ex.o
 .debug_info    0x0000dfcd     0x3b66 ./Drivers/STM32L0xx_HAL_Driver/Src/stm32l0xx_hal_uart.o
 .debug_info    0x00011b33     0x1579 ./Drivers/STM32L0xx_HAL_Driver/Src/stm32l0xx_ll_usb.o
 .debug_info    0x000130ac     0x1074 ./Middlewares/ST/STM32_USB_Device_Library/Class/CDC/Src/usbd_cdc.o
 .debug_info    0x00014120      0xa52 ./Middlewares/ST/STM32_USB_Device_Library/Core/Src/usbd_core.o
 .debug_info    0x00014b72      0x91c ./Middlewares/ST/STM32_USB_Device_Library/Core/Src/usbd_ctlreq.o
 .debug_info    0x0001548e      0x6a0 ./Middlewares/ST/STM32_USB_Device_Library/Core/Src/usbd_ioreq.o
 .debug_info    0x00015b2e      0x63d ./USB_DEVICE/App/usb_device.o
 .debug_info    0x0001616b      0x7ec ./USB_DEVICE/App/usbd_cdc_if.o
 .debug_info    0x00016957      0x44a ./USB_DEVICE/App/usbd_desc.o
 .debug_info    0x00016da1     0x1796 ./USB_DEVICE/Target/usbd_conf.o

.debug_abbrev   0x00000000     0x3ca9
 .debug_abbrev  0x00000000      0x2cd ./Core/Src/main.o
 .debug_abbrev  0x000002cd      0x233 ./Core/Src/stm32l0xx_hal_msp.o
 .debug_abbrev  0x00000500      0x192 ./Core/Src/stm32l0xx_it.o
 .debug_abbrev  0x00000692      0x11c ./Core/Src/system_stm32l0xx.o
 .debug_abbrev  0x000007ae       0x24 ./Core/Startup/startup_stm32l053r8tx.o
 .debug_abbrev  0x000007d2      0x2a0 ./Drivers/STM32L0xx_HAL_Driver/Src/stm32l0xx_hal.o
 .debug_abbrev  0x00000a72      0x29b ./Drivers/STM32L0xx_HAL_Driver/Src/stm32l0xx_hal_cortex.o
 .debug_abbrev  0x00000d0d      0x1ba ./Drivers/STM32L0xx_HAL_Driver/Src/stm32l0xx_hal_crc.o
 .debug_abbrev  0x00000ec7      0x11d ./Drivers/STM32L0xx_HAL_Driver/Src/stm32l0xx_hal_crc_ex.o
 .debug_abbrev  0x00000fe4      0x1ca ./Drivers/STM32L0xx_HAL_Driver/Src/stm32l0xx_hal_gpio.o
 .debug_abbrev  0x000011ae      0x270 ./Drivers/STM32L0xx_HAL_Driver/Src/stm32l0xx_hal_i2c.o
 .debug_abbrev  0x0000141e      0x1b9 ./Drivers/STM32L0xx_HAL_Driver/Src/stm32l0xx_hal_i2c_ex.o
 .debug_abbrev  0x000015d7      0x2b9 ./Drivers/STM32L0xx_HAL_Driver/Src/stm32l0xx_hal_pcd.o
 .debug_abbrev  0x00001890      0x228 ./Drivers/STM32L0xx_HAL_Driver/Src/stm32l0xx_hal_pcd_ex.o
 .debug_abbrev  0x00001ab8      0x296 ./Drivers/STM32L0xx_HAL_Driver/Src/stm32l0xx_hal_rcc.o
 .debug_abbrev  0x00001d4e      0x219 ./Drivers/STM32L0xx_HAL_Driver/Src/stm32l0xx_hal_rcc_ex.o
 .debug_abbrev  0x00001f67      0x1c4 ./Drivers/STM32L0xx_HAL_Driver/Src/stm32l0xx_hal_rng.o
 .debug_abbrev  0x0000212b      0x272 ./Drivers/STM32L0xx_HAL_Driver/Src/stm32l0xx_hal_tim.o
 .debug_abbrev  0x0000239d      0x1ab ./Drivers/STM32L0xx_HAL_Driver/Src/stm32l0xx_hal_tim_ex.o
 .debug_abbrev  0x00002548      0x2e0 ./Drivers/STM32L0xx_HAL_Driver/Src/stm32l0xx_hal_uart.o
 .debug_abbrev  0x00002828      0x247 ./Drivers/STM32L0xx_HAL_Driver/Src/stm32l0xx_ll_usb.o
 .debug_abbrev  0x00002a6f      0x2d3 ./Middlewares/ST/STM32_USB_Device_Library/Class/CDC/Src/usbd_cdc.o
 .debug_abbrev  0x00002d42      0x24a ./Middlewares/ST/STM32_USB_Device_Library/Core/Src/usbd_core.o
 .debug_abbrev  0x00002f8c      0x26b ./Middlewares/ST/STM32_USB_Device_Library/Core/Src/usbd_ctlreq.o
 .debug_abbrev  0x000031f7      0x192 ./Middlewares/ST/STM32_USB_Device_Library/Core/Src/usbd_ioreq.o
 .debug_abbrev  0x00003389      0x18d ./USB_DEVICE/App/usb_device.o
 .debug_abbrev  0x00003516      0x25d ./USB_DEVICE/App/usbd_cdc_if.o
 .debug_abbrev  0x00003773      0x1ff ./USB_DEVICE/App/usbd_desc.o
 .debug_abbrev  0x00003972      0x337 ./USB_DEVICE/Target/usbd_conf.o

.debug_aranges  0x00000000     0x1560
 .debug_aranges
                0x00000000       0x60 ./Core/Src/main.o
 .debug_aranges
                0x00000060       0x78 ./Core/Src/stm32l0xx_hal_msp.o
 .debug_aranges
                0x000000d8       0x48 ./Core/Src/stm32l0xx_it.o
 .debug_aranges
                0x00000120       0x28 ./Core/Src/system_stm32l0xx.o
 .debug_aranges
                0x00000148       0x28 ./Core/Startup/startup_stm32l053r8tx.o
 .debug_aranges
                0x00000170      0x110 ./Drivers/STM32L0xx_HAL_Driver/Src/stm32l0xx_hal.o
 .debug_aranges
                0x00000280       0xe8 ./Drivers/STM32L0xx_HAL_Driver/Src/stm32l0xx_hal_cortex.o
 .debug_aranges
                0x00000368       0x60 ./Drivers/STM32L0xx_HAL_Driver/Src/stm32l0xx_hal_crc.o
 .debug_aranges
                0x000003c8       0x30 ./Drivers/STM32L0xx_HAL_Driver/Src/stm32l0xx_hal_crc_ex.o
 .debug_aranges
                0x000003f8       0x58 ./Drivers/STM32L0xx_HAL_Driver/Src/stm32l0xx_hal_gpio.o
 .debug_aranges
                0x00000450      0x2a0 ./Drivers/STM32L0xx_HAL_Driver/Src/stm32l0xx_hal_i2c.o
 .debug_aranges
                0x000006f0       0x48 ./Drivers/STM32L0xx_HAL_Driver/Src/stm32l0xx_hal_i2c_ex.o
 .debug_aranges
                0x00000738      0x138 ./Drivers/STM32L0xx_HAL_Driver/Src/stm32l0xx_hal_pcd.o
 .debug_aranges
                0x00000870       0x58 ./Drivers/STM32L0xx_HAL_Driver/Src/stm32l0xx_hal_pcd_ex.o
 .debug_aranges
                0x000008c8       0x80 ./Drivers/STM32L0xx_HAL_Driver/Src/stm32l0xx_hal_rcc.o
 .debug_aranges
                0x00000948       0xb0 ./Drivers/STM32L0xx_HAL_Driver/Src/stm32l0xx_hal_rcc_ex.o
 .debug_aranges
                0x000009f8       0x88 ./Drivers/STM32L0xx_HAL_Driver/Src/stm32l0xx_hal_rng.o
 .debug_aranges
                0x00000a80      0x3d0 ./Drivers/STM32L0xx_HAL_Driver/Src/stm32l0xx_hal_tim.o
 .debug_aranges
                0x00000e50       0x28 ./Drivers/STM32L0xx_HAL_Driver/Src/stm32l0xx_hal_tim_ex.o
 .debug_aranges
                0x00000e78      0x228 ./Drivers/STM32L0xx_HAL_Driver/Src/stm32l0xx_hal_uart.o
 .debug_aranges
                0x000010a0       0xc8 ./Drivers/STM32L0xx_HAL_Driver/Src/stm32l0xx_ll_usb.o
 .debug_aranges
                0x00001168       0x90 ./Middlewares/ST/STM32_USB_Device_Library/Class/CDC/Src/usbd_cdc.o
 .debug_aranges
                0x000011f8       0xb8 ./Middlewares/ST/STM32_USB_Device_Library/Core/Src/usbd_core.o
 .debug_aranges
                0x000012b0       0x88 ./Middlewares/ST/STM32_USB_Device_Library/Core/Src/usbd_ctlreq.o
 .debug_aranges
                0x00001338       0x50 ./Middlewares/ST/STM32_USB_Device_Library/Core/Src/usbd_ioreq.o
 .debug_aranges
                0x00001388       0x20 ./USB_DEVICE/App/usb_device.o
 .debug_aranges
                0x000013a8       0x40 ./USB_DEVICE/App/usbd_cdc_if.o
 .debug_aranges
                0x000013e8       0x60 ./USB_DEVICE/App/usbd_desc.o
 .debug_aranges
                0x00001448      0x118 ./USB_DEVICE/Target/usbd_conf.o

.debug_rnglists
                0x00000000     0x106e
 .debug_rnglists
                0x00000000       0x47 ./Core/Src/main.o
 .debug_rnglists
                0x00000047       0x57 ./Core/Src/stm32l0xx_hal_msp.o
 .debug_rnglists
                0x0000009e       0x31 ./Core/Src/stm32l0xx_it.o
 .debug_rnglists
                0x000000cf       0x1a ./Core/Src/system_stm32l0xx.o
 .debug_rnglists
                0x000000e9       0x19 ./Core/Startup/startup_stm32l053r8tx.o
 .debug_rnglists
                0x00000102       0xc7 ./Drivers/STM32L0xx_HAL_Driver/Src/stm32l0xx_hal.o
 .debug_rnglists
                0x000001c9       0xaa ./Drivers/STM32L0xx_HAL_Driver/Src/stm32l0xx_hal_cortex.o
 .debug_rnglists
                0x00000273       0x47 ./Drivers/STM32L0xx_HAL_Driver/Src/stm32l0xx_hal_crc.o
 .debug_rnglists
                0x000002ba       0x20 ./Drivers/STM32L0xx_HAL_Driver/Src/stm32l0xx_hal_crc_ex.o
 .debug_rnglists
                0x000002da       0x3f ./Drivers/STM32L0xx_HAL_Driver/Src/stm32l0xx_hal_gpio.o
 .debug_rnglists
                0x00000319      0x229 ./Drivers/STM32L0xx_HAL_Driver/Src/stm32l0xx_hal_i2c.o
 .debug_rnglists
                0x00000542       0x35 ./Drivers/STM32L0xx_HAL_Driver/Src/stm32l0xx_hal_i2c_ex.o
 .debug_rnglists
                0x00000577       0xee ./Drivers/STM32L0xx_HAL_Driver/Src/stm32l0xx_hal_pcd.o
 .debug_rnglists
                0x00000665       0x3f ./Drivers/STM32L0xx_HAL_Driver/Src/stm32l0xx_hal_pcd_ex.o
 .debug_rnglists
                0x000006a4       0x61 ./Drivers/STM32L0xx_HAL_Driver/Src/stm32l0xx_hal_rcc.o
 .debug_rnglists
                0x00000705       0x85 ./Drivers/STM32L0xx_HAL_Driver/Src/stm32l0xx_hal_rcc_ex.o
 .debug_rnglists
                0x0000078a       0x63 ./Drivers/STM32L0xx_HAL_Driver/Src/stm32l0xx_hal_rng.o
 .debug_rnglists
                0x000007ed      0x310 ./Drivers/STM32L0xx_HAL_Driver/Src/stm32l0xx_hal_tim.o
 .debug_rnglists
                0x00000afd       0x1a ./Drivers/STM32L0xx_HAL_Driver/Src/stm32l0xx_hal_tim_ex.o
 .debug_rnglists
                0x00000b17      0x1db ./Drivers/STM32L0xx_HAL_Driver/Src/stm32l0xx_hal_uart.o
 .debug_rnglists
                0x00000cf2       0x99 ./Drivers/STM32L0xx_HAL_Driver/Src/stm32l0xx_ll_usb.o
 .debug_rnglists
                0x00000d8b       0x6b ./Middlewares/ST/STM32_USB_Device_Library/Class/CDC/Src/usbd_cdc.o
 .debug_rnglists
                0x00000df6       0x89 ./Middlewares/ST/STM32_USB_Device_Library/Core/Src/usbd_core.o
 .debug_rnglists
                0x00000e7f       0x68 ./Middlewares/ST/STM32_USB_Device_Library/Core/Src/usbd_ctlreq.o
 .debug_rnglists
                0x00000ee7       0x37 ./Middlewares/ST/STM32_USB_Device_Library/Core/Src/usbd_ioreq.o
 .debug_rnglists
                0x00000f1e       0x13 ./USB_DEVICE/App/usb_device.o
 .debug_rnglists
                0x00000f31       0x2b ./USB_DEVICE/App/usbd_cdc_if.o
 .debug_rnglists
                0x00000f5c       0x44 ./USB_DEVICE/App/usbd_desc.o
 .debug_rnglists
                0x00000fa0       0xce ./USB_DEVICE/Target/usbd_conf.o

.debug_macro    0x00000000    0x182f2
 .debug_macro   0x00000000      0x383 ./Core/Src/main.o
 .debug_macro   0x00000383      0xaae ./Core/Src/main.o
 .debug_macro   0x00000e31      0x137 ./Core/Src/main.o
 .debug_macro   0x00000f68       0x2e ./Core/Src/main.o
 .debug_macro   0x00000f96       0x28 ./Core/Src/main.o
 .debug_macro   0x00000fbe       0x22 ./Core/Src/main.o
 .debug_macro   0x00000fe0       0x8e ./Core/Src/main.o
 .debug_macro   0x0000106e       0x51 ./Core/Src/main.o
 .debug_macro   0x000010bf      0x103 ./Core/Src/main.o
 .debug_macro   0x000011c2       0x6a ./Core/Src/main.o
 .debug_macro   0x0000122c      0x1df ./Core/Src/main.o
 .debug_macro   0x0000140b       0x1c ./Core/Src/main.o
 .debug_macro   0x00001427       0x22 ./Core/Src/main.o
 .debug_macro   0x00001449       0xaf ./Core/Src/main.o
 .debug_macro   0x000014f8      0x4da ./Core/Src/main.o
 .debug_macro   0x000019d2      0x11f ./Core/Src/main.o
 .debug_macro   0x00001af1     0x9f52 ./Core/Src/main.o
 .debug_macro   0x0000ba43       0x66 ./Core/Src/main.o
 .debug_macro   0x0000baa9     0x35ac ./Core/Src/main.o
 .debug_macro   0x0000f055      0x190 ./Core/Src/main.o
 .debug_macro   0x0000f1e5       0x5c ./Core/Src/main.o
 .debug_macro   0x0000f241      0x8e4 ./Core/Src/main.o
 .debug_macro   0x0000fb25      0x9d2 ./Core/Src/main.o
 .debug_macro   0x000104f7      0x190 ./Core/Src/main.o
 .debug_macro   0x00010687      0x13f ./Core/Src/main.o
 .debug_macro   0x000107c6      0x17d ./Core/Src/main.o
 .debug_macro   0x00010943       0x82 ./Core/Src/main.o
 .debug_macro   0x000109c5      0x28e ./Core/Src/main.o
 .debug_macro   0x00010c53      0x1e9 ./Core/Src/main.o
 .debug_macro   0x00010e3c       0xc7 ./Core/Src/main.o
 .debug_macro   0x00010f03       0x4c ./Core/Src/main.o
 .debug_macro   0x00010f4f      0x128 ./Core/Src/main.o
 .debug_macro   0x00011077      0x2ab ./Core/Src/main.o
 .debug_macro   0x00011322      0x22c ./Core/Src/main.o
 .debug_macro   0x0001154e       0x5b ./Core/Src/main.o
 .debug_macro   0x000115a9       0xa5 ./Core/Src/main.o
 .debug_macro   0x0001164e      0x180 ./Core/Src/main.o
 .debug_macro   0x000117ce       0x16 ./Core/Src/main.o
 .debug_macro   0x000117e4       0xa4 ./Core/Src/main.o
 .debug_macro   0x00011888      0x788 ./Core/Src/main.o
 .debug_macro   0x00012010       0xcc ./Core/Src/main.o
 .debug_macro   0x000120dc      0x5cf ./Core/Src/main.o
 .debug_macro   0x000126ab       0x44 ./Core/Src/main.o
 .debug_macro   0x000126ef       0x73 ./Core/Src/main.o
 .debug_macro   0x00012762      0x22d ./Core/Src/main.o
 .debug_macro   0x0001298f      0x16c ./Core/Src/main.o
 .debug_macro   0x00012afb       0x64 ./Core/Src/main.o
 .debug_macro   0x00012b5f       0x61 ./Core/Src/main.o
 .debug_macro   0x00012bc0       0x24 ./Core/Src/main.o
 .debug_macro   0x00012be4       0x43 ./Core/Src/main.o
 .debug_macro   0x00012c27       0x34 ./Core/Src/main.o
 .debug_macro   0x00012c5b       0x16 ./Core/Src/main.o
 .debug_macro   0x00012c71       0x3c ./Core/Src/main.o
 .debug_macro   0x00012cad      0x370 ./Core/Src/main.o
 .debug_macro   0x0001301d       0x10 ./Core/Src/main.o
 .debug_macro   0x0001302d       0x16 ./Core/Src/main.o
 .debug_macro   0x00013043       0x4a ./Core/Src/main.o
 .debug_macro   0x0001308d       0x34 ./Core/Src/main.o
 .debug_macro   0x000130c1       0x10 ./Core/Src/main.o
 .debug_macro   0x000130d1       0x58 ./Core/Src/main.o
 .debug_macro   0x00013129       0x8e ./Core/Src/main.o
 .debug_macro   0x000131b7       0x1c ./Core/Src/main.o
 .debug_macro   0x000131d3      0x185 ./Core/Src/main.o
 .debug_macro   0x00013358       0x16 ./Core/Src/main.o
 .debug_macro   0x0001336e       0x16 ./Core/Src/main.o
 .debug_macro   0x00013384      0x146 ./Core/Src/main.o
 .debug_macro   0x000134ca       0x16 ./Core/Src/main.o
 .debug_macro   0x000134e0       0x16 ./Core/Src/main.o
 .debug_macro   0x000134f6       0x29 ./Core/Src/main.o
 .debug_macro   0x0001351f       0x16 ./Core/Src/main.o
 .debug_macro   0x00013535       0x20 ./Core/Src/main.o
 .debug_macro   0x00013555       0x59 ./Core/Src/main.o
 .debug_macro   0x000135ae      0x1c8 ./Core/Src/main.o
 .debug_macro   0x00013776      0x21f ./Core/Src/stm32l0xx_hal_msp.o
 .debug_macro   0x00013995      0x229 ./Core/Src/stm32l0xx_it.o
 .debug_macro   0x00013bbe      0x210 ./Core/Src/system_stm32l0xx.o
 .debug_macro   0x00013dce      0x234 ./Drivers/STM32L0xx_HAL_Driver/Src/stm32l0xx_hal.o
 .debug_macro   0x00014002      0x210 ./Drivers/STM32L0xx_HAL_Driver/Src/stm32l0xx_hal_cortex.o
 .debug_macro   0x00014212      0x210 ./Drivers/STM32L0xx_HAL_Driver/Src/stm32l0xx_hal_crc.o
 .debug_macro   0x00014422      0x210 ./Drivers/STM32L0xx_HAL_Driver/Src/stm32l0xx_hal_crc_ex.o
 .debug_macro   0x00014632      0x217 ./Drivers/STM32L0xx_HAL_Driver/Src/stm32l0xx_hal_gpio.o
 .debug_macro   0x00014849      0x2dc ./Drivers/STM32L0xx_HAL_Driver/Src/stm32l0xx_hal_i2c.o
 .debug_macro   0x00014b25      0x210 ./Drivers/STM32L0xx_HAL_Driver/Src/stm32l0xx_hal_i2c_ex.o
 .debug_macro   0x00014d35      0x21c ./Drivers/STM32L0xx_HAL_Driver/Src/stm32l0xx_hal_pcd.o
 .debug_macro   0x00014f51      0x210 ./Drivers/STM32L0xx_HAL_Driver/Src/stm32l0xx_hal_pcd_ex.o
 .debug_macro   0x00015161      0x246 ./Drivers/STM32L0xx_HAL_Driver/Src/stm32l0xx_hal_rcc.o
 .debug_macro   0x000153a7      0x210 ./Drivers/STM32L0xx_HAL_Driver/Src/stm32l0xx_hal_rcc_ex.o
 .debug_macro   0x000155b7      0x216 ./Drivers/STM32L0xx_HAL_Driver/Src/stm32l0xx_hal_rng.o
 .debug_macro   0x000157cd      0x211 ./Drivers/STM32L0xx_HAL_Driver/Src/stm32l0xx_hal_tim.o
 .debug_macro   0x000159de      0x210 ./Drivers/STM32L0xx_HAL_Driver/Src/stm32l0xx_hal_tim_ex.o
 .debug_macro   0x00015bee      0x23b ./Drivers/STM32L0xx_HAL_Driver/Src/stm32l0xx_hal_uart.o
 .debug_macro   0x00015e29      0x210 ./Drivers/STM32L0xx_HAL_Driver/Src/stm32l0xx_ll_usb.o
 .debug_macro   0x00016039      0x3ae ./Middlewares/ST/STM32_USB_Device_Library/Class/CDC/Src/usbd_cdc.o
 .debug_macro   0x000163e7       0x9e ./Middlewares/ST/STM32_USB_Device_Library/Class/CDC/Src/usbd_cdc.o
 .debug_macro   0x00016485      0x112 ./Middlewares/ST/STM32_USB_Device_Library/Class/CDC/Src/usbd_cdc.o
 .debug_macro   0x00016597       0x56 ./Middlewares/ST/STM32_USB_Device_Library/Class/CDC/Src/usbd_cdc.o
 .debug_macro   0x000165ed       0x8f ./Middlewares/ST/STM32_USB_Device_Library/Class/CDC/Src/usbd_cdc.o
 .debug_macro   0x0001667c      0x395 ./Middlewares/ST/STM32_USB_Device_Library/Core/Src/usbd_core.o
 .debug_macro   0x00016a11      0x1ce ./Middlewares/ST/STM32_USB_Device_Library/Core/Src/usbd_core.o
 .debug_macro   0x00016bdf      0x39f ./Middlewares/ST/STM32_USB_Device_Library/Core/Src/usbd_ctlreq.o
 .debug_macro   0x00016f7e      0x39b ./Middlewares/ST/STM32_USB_Device_Library/Core/Src/usbd_ioreq.o
 .debug_macro   0x00017319      0x3ce ./USB_DEVICE/App/usb_device.o
 .debug_macro   0x000176e7       0x6a ./USB_DEVICE/App/usb_device.o
 .debug_macro   0x00017751       0x22 ./USB_DEVICE/App/usb_device.o
 .debug_macro   0x00017773       0x16 ./USB_DEVICE/App/usb_device.o
 .debug_macro   0x00017789      0x3b9 ./USB_DEVICE/App/usbd_cdc_if.o
 .debug_macro   0x00017b42       0x10 ./USB_DEVICE/App/usbd_cdc_if.o
 .debug_macro   0x00017b52      0x3d2 ./USB_DEVICE/App/usbd_desc.o
 .debug_macro   0x00017f24       0x1c ./USB_DEVICE/App/usbd_desc.o
 .debug_macro   0x00017f40      0x3b2 ./USB_DEVICE/Target/usbd_conf.o

.debug_line     0x00000000    0x1ca99
 .debug_line    0x00000000      0xc86 ./Core/Src/main.o
 .debug_line    0x00000c86      0x982 ./Core/Src/stm32l0xx_hal_msp.o
 .debug_line    0x00001608      0x884 ./Core/Src/stm32l0xx_it.o
 .debug_line    0x00001e8c      0x8c0 ./Core/Src/system_stm32l0xx.o
 .debug_line    0x0000274c       0x7b ./Core/Startup/startup_stm32l053r8tx.o
 .debug_line    0x000027c7      0xb7f ./Drivers/STM32L0xx_HAL_Driver/Src/stm32l0xx_hal.o
 .debug_line    0x00003346      0xc50 ./Drivers/STM32L0xx_HAL_Driver/Src/stm32l0xx_hal_cortex.o
 .debug_line    0x00003f96      0xace ./Drivers/STM32L0xx_HAL_Driver/Src/stm32l0xx_hal_crc.o
 .debug_line    0x00004a64      0x8cb ./Drivers/STM32L0xx_HAL_Driver/Src/stm32l0xx_hal_crc_ex.o
 .debug_line    0x0000532f      0xbdf ./Drivers/STM32L0xx_HAL_Driver/Src/stm32l0xx_hal_gpio.o
 .debug_line    0x00005f0e     0x3822 ./Drivers/STM32L0xx_HAL_Driver/Src/stm32l0xx_hal_i2c.o
 .debug_line    0x00009730      0x975 ./Drivers/STM32L0xx_HAL_Driver/Src/stm32l0xx_hal_i2c_ex.o
 .debug_line    0x0000a0a5     0x13ce ./Drivers/STM32L0xx_HAL_Driver/Src/stm32l0xx_hal_pcd.o
 .debug_line    0x0000b473      0x9b1 ./Drivers/STM32L0xx_HAL_Driver/Src/stm32l0xx_hal_pcd_ex.o
 .debug_line    0x0000be24     0x10d8 ./Drivers/STM32L0xx_HAL_Driver/Src/stm32l0xx_hal_rcc.o
 .debug_line    0x0000cefc      0xee2 ./Drivers/STM32L0xx_HAL_Driver/Src/stm32l0xx_hal_rcc_ex.o
 .debug_line    0x0000ddde      0xa77 ./Drivers/STM32L0xx_HAL_Driver/Src/stm32l0xx_hal_rng.o
 .debug_line    0x0000e855     0x30a5 ./Drivers/STM32L0xx_HAL_Driver/Src/stm32l0xx_hal_tim.o
 .debug_line    0x000118fa      0x8a3 ./Drivers/STM32L0xx_HAL_Driver/Src/stm32l0xx_hal_tim_ex.o
 .debug_line    0x0001219d     0x2f3d ./Drivers/STM32L0xx_HAL_Driver/Src/stm32l0xx_hal_uart.o
 .debug_line    0x000150da     0x10be ./Drivers/STM32L0xx_HAL_Driver/Src/stm32l0xx_ll_usb.o
 .debug_line    0x00016198      0xe19 ./Middlewares/ST/STM32_USB_Device_Library/Class/CDC/Src/usbd_cdc.o
 .debug_line    0x00016fb1      0xe6e ./Middlewares/ST/STM32_USB_Device_Library/Core/Src/usbd_core.o
 .debug_line    0x00017e1f     0x10b5 ./Middlewares/ST/STM32_USB_Device_Library/Core/Src/usbd_ctlreq.o
 .debug_line    0x00018ed4      0xb24 ./Middlewares/ST/STM32_USB_Device_Library/Core/Src/usbd_ioreq.o
 .debug_line    0x000199f8      0xaf4 ./USB_DEVICE/App/usb_device.o
 .debug_line    0x0001a4ec      0xb2a ./USB_DEVICE/App/usbd_cdc_if.o
 .debug_line    0x0001b016      0xb9d ./USB_DEVICE/App/usbd_desc.o
 .debug_line    0x0001bbb3      0xee6 ./USB_DEVICE/Target/usbd_conf.o

.debug_str      0x00000000    0x86d8e
 .debug_str     0x00000000    0x86d8e ./Core/Src/main.o
                              0x81bb3 (size before relaxing)
 .debug_str     0x00086d8e        0x0 ./Core/Src/stm32l0xx_hal_msp.o
                              0x7d594 (size before relaxing)
 .debug_str     0x00086d8e        0x0 ./Core/Src/stm32l0xx_it.o
                              0x7cc02 (size before relaxing)
 .debug_str     0x00086d8e        0x0 ./Core/Src/system_stm32l0xx.o
                              0x7c761 (size before relaxing)
 .debug_str     0x00086d8e        0x0 ./Core/Startup/startup_stm32l053r8tx.o
                                 0x94 (size before relaxing)
 .debug_str     0x00086d8e        0x0 ./Drivers/STM32L0xx_HAL_Driver/Src/stm32l0xx_hal.o
                              0x7ce59 (size before relaxing)
 .debug_str     0x00086d8e        0x0 ./Drivers/STM32L0xx_HAL_Driver/Src/stm32l0xx_hal_cortex.o
                              0x7cbf5 (size before relaxing)
 .debug_str     0x00086d8e        0x0 ./Drivers/STM32L0xx_HAL_Driver/Src/stm32l0xx_hal_crc.o
                              0x7c928 (size before relaxing)
 .debug_str     0x00086d8e        0x0 ./Drivers/STM32L0xx_HAL_Driver/Src/stm32l0xx_hal_crc_ex.o
                              0x7c8e2 (size before relaxing)
 .debug_str     0x00086d8e        0x0 ./Drivers/STM32L0xx_HAL_Driver/Src/stm32l0xx_hal_gpio.o
                              0x7c901 (size before relaxing)
 .debug_str     0x00086d8e        0x0 ./Drivers/STM32L0xx_HAL_Driver/Src/stm32l0xx_hal_i2c.o
                              0x7da6c (size before relaxing)
 .debug_str     0x00086d8e        0x0 ./Drivers/STM32L0xx_HAL_Driver/Src/stm32l0xx_hal_i2c_ex.o
                              0x7ccc5 (size before relaxing)
 .debug_str     0x00086d8e        0x0 ./Drivers/STM32L0xx_HAL_Driver/Src/stm32l0xx_hal_pcd.o
                              0x7cfd9 (size before relaxing)
 .debug_str     0x00086d8e        0x0 ./Drivers/STM32L0xx_HAL_Driver/Src/stm32l0xx_hal_pcd_ex.o
                              0x7cc15 (size before relaxing)
 .debug_str     0x00086d8e        0x0 ./Drivers/STM32L0xx_HAL_Driver/Src/stm32l0xx_hal_rcc.o
                              0x7cc8a (size before relaxing)
 .debug_str     0x00086d8e        0x0 ./Drivers/STM32L0xx_HAL_Driver/Src/stm32l0xx_hal_rcc_ex.o
                              0x7cc51 (size before relaxing)
 .debug_str     0x00086d8e        0x0 ./Drivers/STM32L0xx_HAL_Driver/Src/stm32l0xx_hal_rng.o
                              0x7c907 (size before relaxing)
 .debug_str     0x00086d8e        0x0 ./Drivers/STM32L0xx_HAL_Driver/Src/stm32l0xx_hal_tim.o
                              0x7da39 (size before relaxing)
 .debug_str     0x00086d8e        0x0 ./Drivers/STM32L0xx_HAL_Driver/Src/stm32l0xx_hal_tim_ex.o
                              0x7cbde (size before relaxing)
 .debug_str     0x00086d8e        0x0 ./Drivers/STM32L0xx_HAL_Driver/Src/stm32l0xx_hal_uart.o
                              0x7d521 (size before relaxing)
 .debug_str     0x00086d8e        0x0 ./Drivers/STM32L0xx_HAL_Driver/Src/stm32l0xx_ll_usb.o
                              0x7cb16 (size before relaxing)
 .debug_str     0x00086d8e        0x0 ./Middlewares/ST/STM32_USB_Device_Library/Class/CDC/Src/usbd_cdc.o
                              0x817f8 (size before relaxing)
 .debug_str     0x00086d8e        0x0 ./Middlewares/ST/STM32_USB_Device_Library/Core/Src/usbd_core.o
                              0x810fc (size before relaxing)
 .debug_str     0x00086d8e        0x0 ./Middlewares/ST/STM32_USB_Device_Library/Core/Src/usbd_ctlreq.o
                              0x81016 (size before relaxing)
 .debug_str     0x00086d8e        0x0 ./Middlewares/ST/STM32_USB_Device_Library/Core/Src/usbd_ioreq.o
                              0x80f43 (size before relaxing)
 .debug_str     0x00086d8e        0x0 ./USB_DEVICE/App/usb_device.o
                              0x812ce (size before relaxing)
 .debug_str     0x00086d8e        0x0 ./USB_DEVICE/App/usbd_cdc_if.o
                              0x812f4 (size before relaxing)
 .debug_str     0x00086d8e        0x0 ./USB_DEVICE/App/usbd_desc.o
                              0x80e71 (size before relaxing)
 .debug_str     0x00086d8e        0x0 ./USB_DEVICE/Target/usbd_conf.o
                              0x81c76 (size before relaxing)

.comment        0x00000000       0x43
 .comment       0x00000000       0x43 ./Core/Src/main.o
                                 0x44 (size before relaxing)
 .comment       0x00000043        0x0 ./Core/Src/stm32l0xx_hal_msp.o
                                 0x44 (size before relaxing)
 .comment       0x00000043        0x0 ./Core/Src/stm32l0xx_it.o
                                 0x44 (size before relaxing)
 .comment       0x00000043        0x0 ./Core/Src/system_stm32l0xx.o
                                 0x44 (size before relaxing)
 .comment       0x00000043        0x0 ./Drivers/STM32L0xx_HAL_Driver/Src/stm32l0xx_hal.o
                                 0x44 (size before relaxing)
 .comment       0x00000043        0x0 ./Drivers/STM32L0xx_HAL_Driver/Src/stm32l0xx_hal_cortex.o
                                 0x44 (size before relaxing)
 .comment       0x00000043        0x0 ./Drivers/STM32L0xx_HAL_Driver/Src/stm32l0xx_hal_crc.o
                                 0x44 (size before relaxing)
 .comment       0x00000043        0x0 ./Drivers/STM32L0xx_HAL_Driver/Src/stm32l0xx_hal_crc_ex.o
                                 0x44 (size before relaxing)
 .comment       0x00000043        0x0 ./Drivers/STM32L0xx_HAL_Driver/Src/stm32l0xx_hal_gpio.o
                                 0x44 (size before relaxing)
 .comment       0x00000043        0x0 ./Drivers/STM32L0xx_HAL_Driver/Src/stm32l0xx_hal_i2c.o
                                 0x44 (size before relaxing)
 .comment       0x00000043        0x0 ./Drivers/STM32L0xx_HAL_Driver/Src/stm32l0xx_hal_i2c_ex.o
                                 0x44 (size before relaxing)
 .comment       0x00000043        0x0 ./Drivers/STM32L0xx_HAL_Driver/Src/stm32l0xx_hal_pcd.o
                                 0x44 (size before relaxing)
 .comment       0x00000043        0x0 ./Drivers/STM32L0xx_HAL_Driver/Src/stm32l0xx_hal_pcd_ex.o
                                 0x44 (size before relaxing)
 .comment       0x00000043        0x0 ./Drivers/STM32L0xx_HAL_Driver/Src/stm32l0xx_hal_rcc.o
                                 0x44 (size before relaxing)
 .comment       0x00000043        0x0 ./Drivers/STM32L0xx_HAL_Driver/Src/stm32l0xx_hal_rcc_ex.o
                                 0x44 (size before relaxing)
 .comment       0x00000043        0x0 ./Drivers/STM32L0xx_HAL_Driver/Src/stm32l0xx_hal_rng.o
                                 0x44 (size before relaxing)
 .comment       0x00000043        0x0 ./Drivers/STM32L0xx_HAL_Driver/Src/stm32l0xx_hal_tim.o
                                 0x44 (size before relaxing)
 .comment       0x00000043        0x0 ./Drivers/STM32L0xx_HAL_Driver/Src/stm32l0xx_hal_tim_ex.o
                                 0x44 (size before relaxing)
 .comment       0x00000043        0x0 ./Drivers/STM32L0xx_HAL_Driver/Src/stm32l0xx_hal_uart.o
                                 0x44 (size before relaxing)
 .comment       0x00000043        0x0 ./Drivers/STM32L0xx_HAL_Driver/Src/stm32l0xx_ll_usb.o
                                 0x44 (size before relaxing)
 .comment       0x00000043        0x0 ./Middlewares/ST/STM32_USB_Device_Library/Class/CDC/Src/usbd_cdc.o
                                 0x44 (size before relaxing)
 .comment       0x00000043        0x0 ./Middlewares/ST/STM32_USB_Device_Library/Core/Src/usbd_core.o
                                 0x44 (size before relaxing)
 .comment       0x00000043        0x0 ./Middlewares/ST/STM32_USB_Device_Library/Core/Src/usbd_ctlreq.o
                                 0x44 (size before relaxing)
 .comment       0x00000043        0x0 ./Middlewares/ST/STM32_USB_Device_Library/Core/Src/usbd_ioreq.o
                                 0x44 (size before relaxing)
 .comment       0x00000043        0x0 ./USB_DEVICE/App/usb_device.o
                                 0x44 (size before relaxing)
 .comment       0x00000043        0x0 ./USB_DEVICE/App/usbd_cdc_if.o
                                 0x44 (size before relaxing)
 .comment       0x00000043        0x0 ./USB_DEVICE/App/usbd_desc.o
                                 0x44 (size before relaxing)
 .comment       0x00000043        0x0 ./USB_DEVICE/Target/usbd_conf.o
                                 0x44 (size before relaxing)

.debug_frame    0x00000000     0x4c60
 .debug_frame   0x00000000      0x118 ./Core/Src/main.o
 .debug_frame   0x00000118      0x18c ./Core/Src/stm32l0xx_hal_msp.o
 .debug_frame   0x000002a4       0xb8 ./Core/Src/stm32l0xx_it.o
 .debug_frame   0x0000035c       0x4c ./Core/Src/system_stm32l0xx.o
 .debug_frame   0x000003a8      0x394 ./Drivers/STM32L0xx_HAL_Driver/Src/stm32l0xx_hal.o
 .debug_frame   0x0000073c      0x33c ./Drivers/STM32L0xx_HAL_Driver/Src/stm32l0xx_hal_cortex.o
 .debug_frame   0x00000a78      0x130 ./Drivers/STM32L0xx_HAL_Driver/Src/stm32l0xx_hal_crc.o
 .debug_frame   0x00000ba8       0x70 ./Drivers/STM32L0xx_HAL_Driver/Src/stm32l0xx_hal_crc_ex.o
 .debug_frame   0x00000c18      0x110 ./Drivers/STM32L0xx_HAL_Driver/Src/stm32l0xx_hal_gpio.o
 .debug_frame   0x00000d28      0xa68 ./Drivers/STM32L0xx_HAL_Driver/Src/stm32l0xx_hal_i2c.o
 .debug_frame   0x00001790       0xd0 ./Drivers/STM32L0xx_HAL_Driver/Src/stm32l0xx_hal_i2c_ex.o
 .debug_frame   0x00001860      0x498 ./Drivers/STM32L0xx_HAL_Driver/Src/stm32l0xx_hal_pcd.o
 .debug_frame   0x00001cf8      0x110 ./Drivers/STM32L0xx_HAL_Driver/Src/stm32l0xx_hal_pcd_ex.o
 .debug_frame   0x00001e08      0x1a4 ./Drivers/STM32L0xx_HAL_Driver/Src/stm32l0xx_hal_rcc.o
 .debug_frame   0x00001fac      0x244 ./Drivers/STM32L0xx_HAL_Driver/Src/stm32l0xx_hal_rcc_ex.o
 .debug_frame   0x000021f0      0x1d0 ./Drivers/STM32L0xx_HAL_Driver/Src/stm32l0xx_hal_rng.o
 .debug_frame   0x000023c0      0xef8 ./Drivers/STM32L0xx_HAL_Driver/Src/stm32l0xx_hal_tim.o
 .debug_frame   0x000032b8       0x50 ./Drivers/STM32L0xx_HAL_Driver/Src/stm32l0xx_hal_tim_ex.o
 .debug_frame   0x00003308      0x854 ./Drivers/STM32L0xx_HAL_Driver/Src/stm32l0xx_hal_uart.o
 .debug_frame   0x00003b5c      0x2d4 ./Drivers/STM32L0xx_HAL_Driver/Src/stm32l0xx_ll_usb.o
 .debug_frame   0x00003e30      0x1f0 ./Middlewares/ST/STM32_USB_Device_Library/Class/CDC/Src/usbd_cdc.o
 .debug_frame   0x00004020      0x290 ./Middlewares/ST/STM32_USB_Device_Library/Core/Src/usbd_core.o
 .debug_frame   0x000042b0      0x1d8 ./Middlewares/ST/STM32_USB_Device_Library/Core/Src/usbd_ctlreq.o
 .debug_frame   0x00004488       0xf0 ./Middlewares/ST/STM32_USB_Device_Library/Core/Src/usbd_ioreq.o
 .debug_frame   0x00004578       0x2c ./USB_DEVICE/App/usb_device.o
 .debug_frame   0x000045a4       0xac ./USB_DEVICE/App/usbd_cdc_if.o
 .debug_frame   0x00004650      0x130 ./USB_DEVICE/App/usbd_desc.o
 .debug_frame   0x00004780      0x438 ./USB_DEVICE/Target/usbd_conf.o
 .debug_frame   0x00004bb8       0x20 C:/ST/STM32CubeIDE_2.0.0/STM32CubeIDE/plugins/com.st.stm32cube.ide.mcu.externaltools.gnu-tools-for-stm32.13.3.rel1.win32_1.0.100.202509120712/tools/bin/../lib/gcc/arm-none-eabi/13.3.1/../../../../arm-none-eabi/lib/thumb/v6-m/nofp\libc_nano.a(libc_a-memset.o)
 .debug_frame   0x00004bd8       0x2c C:/ST/STM32CubeIDE_2.0.0/STM32CubeIDE/plugins/com.st.stm32cube.ide.mcu.externaltools.gnu-tools-for-stm32.13.3.rel1.win32_1.0.100.202509120712/tools/bin/../lib/gcc/arm-none-eabi/13.3.1/../../../../arm-none-eabi/lib/thumb/v6-m/nofp\libc_nano.a(libc_a-init.o)
 .debug_frame   0x00004c04       0x20 C:/ST/STM32CubeIDE_2.0.0/STM32CubeIDE/plugins/com.st.stm32cube.ide.mcu.externaltools.gnu-tools-for-stm32.13.3.rel1.win32_1.0.100.202509120712/tools/bin/../lib/gcc/arm-none-eabi/13.3.1/thumb/v6-m/nofp\libgcc.a(_udivsi3.o)
 .debug_frame   0x00004c24       0x3c C:/ST/STM32CubeIDE_2.0.0/STM32CubeIDE/plugins/com.st.stm32cube.ide.mcu.externaltools.gnu-tools-for-stm32.13.3.rel1.win32_1.0.100.202509120712/tools/bin/../lib/gcc/arm-none-eabi/13.3.1/thumb/v6-m/nofp\libgcc.a(_udivmoddi4.o)

.debug_line_str
                0x00000000       0x78
 .debug_line_str
                0x00000000       0x78 ./Core/Startup/startup_stm32l053r8tx.o
